###############################################################################
#
# IAR ELF Linker V9.60.3.422/W64 for ARM                  14/Jan/2025  21:51:12
# Copyright 2007-2024 IAR Systems AB.
#
#    Output file  =
#        C:\Users\akich\Desktop\ARM\STM32\Blank
#        Examples\LVGL_v9_blank\EWARM\LVGL_v9_blank\Exe\LVGL_v9_blank.out
#    Map file     =
#        C:\Users\akich\Desktop\ARM\STM32\Blank
#        Examples\LVGL_v9_blank\EWARM\LVGL_v9_blank\List\LVGL_v9_blank.map
#    Command line =
#        -f "C:\Users\akich\Desktop\ARM\STM32\Blank
#        Examples\LVGL_v9_blank\EWARM\LVGL_v9_blank\Exe\LVGL_v9_blank.out.rsp"
#        ("C:\Users\akich\Desktop\ARM\STM32\Blank
#        Examples\LVGL_v9_blank\EWARM\LVGL_v9_blank\Obj\Core_13247989168731456611.dir\24cxx.o"
#        "C:\Users\akich\Desktop\ARM\STM32\Blank
#        Examples\LVGL_v9_blank\EWARM\LVGL_v9_blank\Obj\libs_9177850263139788189.dir\code128.o"
#        "C:\Users\akich\Desktop\ARM\STM32\Blank
#        Examples\LVGL_v9_blank\EWARM\LVGL_v9_blank\Obj\Core_13247989168731456611.dir\ctiic.o"
#        "C:\Users\akich\Desktop\ARM\STM32\Blank
#        Examples\LVGL_v9_blank\EWARM\LVGL_v9_blank\Obj\Core_13247989168731456611.dir\delay.o"
#        "C:\Users\akich\Desktop\ARM\STM32\Blank
#        Examples\LVGL_v9_blank\EWARM\LVGL_v9_blank\Obj\Core_13247989168731456611.dir\ft5206.o"
#        "C:\Users\akich\Desktop\ARM\STM32\Blank
#        Examples\LVGL_v9_blank\EWARM\LVGL_v9_blank\Obj\Core_13247989168731456611.dir\gpio.o"
#        "C:\Users\akich\Desktop\ARM\STM32\Blank
#        Examples\LVGL_v9_blank\EWARM\LVGL_v9_blank\Obj\Core_13247989168731456611.dir\gt9xxx.o"
#        "C:\Users\akich\Desktop\ARM\STM32\Blank
#        Examples\LVGL_v9_blank\EWARM\LVGL_v9_blank\Obj\Core_13247989168731456611.dir\key.o"
#        "C:\Users\akich\Desktop\ARM\STM32\Blank
#        Examples\LVGL_v9_blank\EWARM\LVGL_v9_blank\Obj\Core_13247989168731456611.dir\lcd.o"
#        "C:\Users\akich\Desktop\ARM\STM32\Blank
#        Examples\LVGL_v9_blank\EWARM\LVGL_v9_blank\Obj\Core_13247989168731456611.dir\led.o"
#        "C:\Users\akich\Desktop\ARM\STM32\Blank
#        Examples\LVGL_v9_blank\EWARM\LVGL_v9_blank\Obj\Core_13247989168731456611.dir\ltdc.o"
#        "C:\Users\akich\Desktop\ARM\STM32\Blank
#        Examples\LVGL_v9_blank\EWARM\LVGL_v9_blank\Obj\misc_16881187190190018854.dir\lv_anim.o"
#        "C:\Users\akich\Desktop\ARM\STM32\Blank
#        Examples\LVGL_v9_blank\EWARM\LVGL_v9_blank\Obj\misc_16881187190190018854.dir\lv_anim_timeline.o"
#        "C:\Users\akich\Desktop\ARM\STM32\Blank
#        Examples\LVGL_v9_blank\EWARM\LVGL_v9_blank\Obj\widgets_8521493442100195656.dir\lv_animimage.o"
#        "C:\Users\akich\Desktop\ARM\STM32\Blank
#        Examples\LVGL_v9_blank\EWARM\LVGL_v9_blank\Obj\widgets_8521493442100195656.dir\lv_arc.o"
#        "C:\Users\akich\Desktop\ARM\STM32\Blank
#        Examples\LVGL_v9_blank\EWARM\LVGL_v9_blank\Obj\misc_16881187190190018854.dir\lv_area.o"
#        "C:\Users\akich\Desktop\ARM\STM32\Blank
#        Examples\LVGL_v9_blank\EWARM\LVGL_v9_blank\Obj\misc_16881187190190018854.dir\lv_array.o"
#        "C:\Users\akich\Desktop\ARM\STM32\Blank
#        Examples\LVGL_v9_blank\EWARM\LVGL_v9_blank\Obj\misc_16881187190190018854.dir\lv_async.o"
#        "C:\Users\akich\Desktop\ARM\STM32\Blank
#        Examples\LVGL_v9_blank\EWARM\LVGL_v9_blank\Obj\widgets_8521493442100195656.dir\lv_bar.o"
#        "C:\Users\akich\Desktop\ARM\STM32\Blank
#        Examples\LVGL_v9_blank\EWARM\LVGL_v9_blank\Obj\libs_9177850263139788189.dir\lv_barcode.o"
#        "C:\Users\akich\Desktop\ARM\STM32\Blank
#        Examples\LVGL_v9_blank\EWARM\LVGL_v9_blank\Obj\misc_16881187190190018854.dir\lv_bidi.o"
#        "C:\Users\akich\Desktop\ARM\STM32\Blank
#        Examples\LVGL_v9_blank\EWARM\LVGL_v9_blank\Obj\libs_9177850263139788189.dir\lv_bin_decoder.o"
#        "C:\Users\akich\Desktop\ARM\STM32\Blank
#        Examples\LVGL_v9_blank\EWARM\LVGL_v9_blank\Obj\font_5282089926961387619.dir\lv_binfont_loader.o"
#        "C:\Users\akich\Desktop\ARM\STM32\Blank
#        Examples\LVGL_v9_blank\EWARM\LVGL_v9_blank\Obj\libs_9177850263139788189.dir\lv_bmp.o"
#        "C:\Users\akich\Desktop\ARM\STM32\Blank
#        Examples\LVGL_v9_blank\EWARM\LVGL_v9_blank\Obj\widgets_8521493442100195656.dir\lv_button.o"
#        "C:\Users\akich\Desktop\ARM\STM32\Blank
#        Examples\LVGL_v9_blank\EWARM\LVGL_v9_blank\Obj\widgets_8521493442100195656.dir\lv_buttonmatrix.o"
#        "C:\Users\akich\Desktop\ARM\STM32\Blank
#        Examples\LVGL_v9_blank\EWARM\LVGL_v9_blank\Obj\misc_16881187190190018854.dir\lv_cache.o"
#        "C:\Users\akich\Desktop\ARM\STM32\Blank
#        Examples\LVGL_v9_blank\EWARM\LVGL_v9_blank\Obj\misc_16881187190190018854.dir\lv_cache_entry.o"
#        "C:\Users\akich\Desktop\ARM\STM32\Blank
#        Examples\LVGL_v9_blank\EWARM\LVGL_v9_blank\Obj\misc_16881187190190018854.dir\lv_cache_lru_rb.o"
#        "C:\Users\akich\Desktop\ARM\STM32\Blank
#        Examples\LVGL_v9_blank\EWARM\LVGL_v9_blank\Obj\widgets_8521493442100195656.dir\lv_calendar.o"
#        "C:\Users\akich\Desktop\ARM\STM32\Blank
#        Examples\LVGL_v9_blank\EWARM\LVGL_v9_blank\Obj\widgets_8521493442100195656.dir\lv_calendar_chinese.o"
#        "C:\Users\akich\Desktop\ARM\STM32\Blank
#        Examples\LVGL_v9_blank\EWARM\LVGL_v9_blank\Obj\widgets_8521493442100195656.dir\lv_calendar_header_arrow.o"
#        "C:\Users\akich\Desktop\ARM\STM32\Blank
#        Examples\LVGL_v9_blank\EWARM\LVGL_v9_blank\Obj\widgets_8521493442100195656.dir\lv_calendar_header_dropdown.o"
#        "C:\Users\akich\Desktop\ARM\STM32\Blank
#        Examples\LVGL_v9_blank\EWARM\LVGL_v9_blank\Obj\widgets_8521493442100195656.dir\lv_canvas.o"
#        "C:\Users\akich\Desktop\ARM\STM32\Blank
#        Examples\LVGL_v9_blank\EWARM\LVGL_v9_blank\Obj\widgets_8521493442100195656.dir\lv_chart.o"
#        "C:\Users\akich\Desktop\ARM\STM32\Blank
#        Examples\LVGL_v9_blank\EWARM\LVGL_v9_blank\Obj\widgets_8521493442100195656.dir\lv_checkbox.o"
#        "C:\Users\akich\Desktop\ARM\STM32\Blank
#        Examples\LVGL_v9_blank\EWARM\LVGL_v9_blank\Obj\osal_13343972963114398913.dir\lv_cmsis_rtos2.o"
#        "C:\Users\akich\Desktop\ARM\STM32\Blank
#        Examples\LVGL_v9_blank\EWARM\LVGL_v9_blank\Obj\misc_16881187190190018854.dir\lv_color.o"
#        "C:\Users\akich\Desktop\ARM\STM32\Blank
#        Examples\LVGL_v9_blank\EWARM\LVGL_v9_blank\Obj\misc_16881187190190018854.dir\lv_color_op.o"
#        "C:\Users\akich\Desktop\ARM\STM32\Blank
#        Examples\LVGL_v9_blank\EWARM\LVGL_v9_blank\Obj\display_13055063649345231856.dir\lv_display.o"
#        "C:\Users\akich\Desktop\ARM\STM32\Blank
#        Examples\LVGL_v9_blank\EWARM\LVGL_v9_blank\Obj\draw_2530733899630150080.dir\lv_draw.o"
#        "C:\Users\akich\Desktop\ARM\STM32\Blank
#        Examples\LVGL_v9_blank\EWARM\LVGL_v9_blank\Obj\draw_2530733899630150080.dir\lv_draw_arc.o"
#        "C:\Users\akich\Desktop\ARM\STM32\Blank
#        Examples\LVGL_v9_blank\EWARM\LVGL_v9_blank\Obj\draw_2530733899630150080.dir\lv_draw_buf.o"
#        "C:\Users\akich\Desktop\ARM\STM32\Blank
#        Examples\LVGL_v9_blank\EWARM\LVGL_v9_blank\Obj\draw_2530733899630150080.dir\lv_draw_buf_vg_lite.o"
#        "C:\Users\akich\Desktop\ARM\STM32\Blank
#        Examples\LVGL_v9_blank\EWARM\LVGL_v9_blank\Obj\draw_2530733899630150080.dir\lv_draw_image.o"
#        "C:\Users\akich\Desktop\ARM\STM32\Blank
#        Examples\LVGL_v9_blank\EWARM\LVGL_v9_blank\Obj\draw_2530733899630150080.dir\lv_draw_label.o"
#        "C:\Users\akich\Desktop\ARM\STM32\Blank
#        Examples\LVGL_v9_blank\EWARM\LVGL_v9_blank\Obj\draw_2530733899630150080.dir\lv_draw_line.o"
#        "C:\Users\akich\Desktop\ARM\STM32\Blank
#        Examples\LVGL_v9_blank\EWARM\LVGL_v9_blank\Obj\draw_2530733899630150080.dir\lv_draw_mask.o"
#        "C:\Users\akich\Desktop\ARM\STM32\Blank
#        Examples\LVGL_v9_blank\EWARM\LVGL_v9_blank\Obj\draw_2530733899630150080.dir\lv_draw_rect.o"
#        "C:\Users\akich\Desktop\ARM\STM32\Blank
#        Examples\LVGL_v9_blank\EWARM\LVGL_v9_blank\Obj\draw_2530733899630150080.dir\lv_draw_sw.o"
#        "C:\Users\akich\Desktop\ARM\STM32\Blank
#        Examples\LVGL_v9_blank\EWARM\LVGL_v9_blank\Obj\draw_2530733899630150080.dir\lv_draw_sw_arc.o"
#        "C:\Users\akich\Desktop\ARM\STM32\Blank
#        Examples\LVGL_v9_blank\EWARM\LVGL_v9_blank\Obj\draw_2530733899630150080.dir\lv_draw_sw_blend.o"
#        "C:\Users\akich\Desktop\ARM\STM32\Blank
#        Examples\LVGL_v9_blank\EWARM\LVGL_v9_blank\Obj\draw_2530733899630150080.dir\lv_draw_sw_blend_to_al88.o"
#        "C:\Users\akich\Desktop\ARM\STM32\Blank
#        Examples\LVGL_v9_blank\EWARM\LVGL_v9_blank\Obj\draw_2530733899630150080.dir\lv_draw_sw_blend_to_argb8888.o"
#        "C:\Users\akich\Desktop\ARM\STM32\Blank
#        Examples\LVGL_v9_blank\EWARM\LVGL_v9_blank\Obj\draw_2530733899630150080.dir\lv_draw_sw_blend_to_i1.o"
#        "C:\Users\akich\Desktop\ARM\STM32\Blank
#        Examples\LVGL_v9_blank\EWARM\LVGL_v9_blank\Obj\draw_2530733899630150080.dir\lv_draw_sw_blend_to_l8.o"
#        "C:\Users\akich\Desktop\ARM\STM32\Blank
#        Examples\LVGL_v9_blank\EWARM\LVGL_v9_blank\Obj\draw_2530733899630150080.dir\lv_draw_sw_blend_to_rgb565.o"
#        "C:\Users\akich\Desktop\ARM\STM32\Blank
#        Examples\LVGL_v9_blank\EWARM\LVGL_v9_blank\Obj\draw_2530733899630150080.dir\lv_draw_sw_blend_to_rgb888.o"
#        "C:\Users\akich\Desktop\ARM\STM32\Blank
#        Examples\LVGL_v9_blank\EWARM\LVGL_v9_blank\Obj\draw_2530733899630150080.dir\lv_draw_sw_border.o"
#        "C:\Users\akich\Desktop\ARM\STM32\Blank
#        Examples\LVGL_v9_blank\EWARM\LVGL_v9_blank\Obj\draw_2530733899630150080.dir\lv_draw_sw_box_shadow.o"
#        "C:\Users\akich\Desktop\ARM\STM32\Blank
#        Examples\LVGL_v9_blank\EWARM\LVGL_v9_blank\Obj\draw_2530733899630150080.dir\lv_draw_sw_fill.o"
#        "C:\Users\akich\Desktop\ARM\STM32\Blank
#        Examples\LVGL_v9_blank\EWARM\LVGL_v9_blank\Obj\draw_2530733899630150080.dir\lv_draw_sw_gradient.o"
#        "C:\Users\akich\Desktop\ARM\STM32\Blank
#        Examples\LVGL_v9_blank\EWARM\LVGL_v9_blank\Obj\draw_2530733899630150080.dir\lv_draw_sw_img.o"
#        "C:\Users\akich\Desktop\ARM\STM32\Blank
#        Examples\LVGL_v9_blank\EWARM\LVGL_v9_blank\Obj\draw_2530733899630150080.dir\lv_draw_sw_letter.o"
#        "C:\Users\akich\Desktop\ARM\STM32\Blank
#        Examples\LVGL_v9_blank\EWARM\LVGL_v9_blank\Obj\draw_2530733899630150080.dir\lv_draw_sw_line.o"
#        "C:\Users\akich\Desktop\ARM\STM32\Blank
#        Examples\LVGL_v9_blank\EWARM\LVGL_v9_blank\Obj\draw_2530733899630150080.dir\lv_draw_sw_mask.o"
#        "C:\Users\akich\Desktop\ARM\STM32\Blank
#        Examples\LVGL_v9_blank\EWARM\LVGL_v9_blank\Obj\draw_2530733899630150080.dir\lv_draw_sw_mask_rect.o"
#        "C:\Users\akich\Desktop\ARM\STM32\Blank
#        Examples\LVGL_v9_blank\EWARM\LVGL_v9_blank\Obj\draw_2530733899630150080.dir\lv_draw_sw_transform.o"
#        "C:\Users\akich\Desktop\ARM\STM32\Blank
#        Examples\LVGL_v9_blank\EWARM\LVGL_v9_blank\Obj\draw_2530733899630150080.dir\lv_draw_sw_triangle.o"
#        "C:\Users\akich\Desktop\ARM\STM32\Blank
#        Examples\LVGL_v9_blank\EWARM\LVGL_v9_blank\Obj\draw_2530733899630150080.dir\lv_draw_sw_vector.o"
#        "C:\Users\akich\Desktop\ARM\STM32\Blank
#        Examples\LVGL_v9_blank\EWARM\LVGL_v9_blank\Obj\draw_2530733899630150080.dir\lv_draw_triangle.o"
#        "C:\Users\akich\Desktop\ARM\STM32\Blank
#        Examples\LVGL_v9_blank\EWARM\LVGL_v9_blank\Obj\draw_2530733899630150080.dir\lv_draw_vector.o"
#        "C:\Users\akich\Desktop\ARM\STM32\Blank
#        Examples\LVGL_v9_blank\EWARM\LVGL_v9_blank\Obj\draw_2530733899630150080.dir\lv_draw_vg_lite.o"
#        "C:\Users\akich\Desktop\ARM\STM32\Blank
#        Examples\LVGL_v9_blank\EWARM\LVGL_v9_blank\Obj\draw_2530733899630150080.dir\lv_draw_vg_lite_arc.o"
#        "C:\Users\akich\Desktop\ARM\STM32\Blank
#        Examples\LVGL_v9_blank\EWARM\LVGL_v9_blank\Obj\draw_2530733899630150080.dir\lv_draw_vg_lite_border.o"
#        "C:\Users\akich\Desktop\ARM\STM32\Blank
#        Examples\LVGL_v9_blank\EWARM\LVGL_v9_blank\Obj\draw_2530733899630150080.dir\lv_draw_vg_lite_box_shadow.o"
#        "C:\Users\akich\Desktop\ARM\STM32\Blank
#        Examples\LVGL_v9_blank\EWARM\LVGL_v9_blank\Obj\draw_2530733899630150080.dir\lv_draw_vg_lite_fill.o"
#        "C:\Users\akich\Desktop\ARM\STM32\Blank
#        Examples\LVGL_v9_blank\EWARM\LVGL_v9_blank\Obj\draw_2530733899630150080.dir\lv_draw_vg_lite_img.o"
#        "C:\Users\akich\Desktop\ARM\STM32\Blank
#        Examples\LVGL_v9_blank\EWARM\LVGL_v9_blank\Obj\draw_2530733899630150080.dir\lv_draw_vg_lite_label.o"
#        "C:\Users\akich\Desktop\ARM\STM32\Blank
#        Examples\LVGL_v9_blank\EWARM\LVGL_v9_blank\Obj\draw_2530733899630150080.dir\lv_draw_vg_lite_layer.o"
#        "C:\Users\akich\Desktop\ARM\STM32\Blank
#        Examples\LVGL_v9_blank\EWARM\LVGL_v9_blank\Obj\draw_2530733899630150080.dir\lv_draw_vg_lite_line.o"
#        "C:\Users\akich\Desktop\ARM\STM32\Blank
#        Examples\LVGL_v9_blank\EWARM\LVGL_v9_blank\Obj\draw_2530733899630150080.dir\lv_draw_vg_lite_mask_rect.o"
#        "C:\Users\akich\Desktop\ARM\STM32\Blank
#        Examples\LVGL_v9_blank\EWARM\LVGL_v9_blank\Obj\draw_2530733899630150080.dir\lv_draw_vg_lite_triangle.o"
#        "C:\Users\akich\Desktop\ARM\STM32\Blank
#        Examples\LVGL_v9_blank\EWARM\LVGL_v9_blank\Obj\draw_2530733899630150080.dir\lv_draw_vg_lite_vector.o"
#        "C:\Users\akich\Desktop\ARM\STM32\Blank
#        Examples\LVGL_v9_blank\EWARM\LVGL_v9_blank\Obj\widgets_8521493442100195656.dir\lv_dropdown.o"
#        "C:\Users\akich\Desktop\ARM\STM32\Blank
#        Examples\LVGL_v9_blank\EWARM\LVGL_v9_blank\Obj\widgets_8521493442100195656.dir\lv_dropdown_properties.o"
#        "C:\Users\akich\Desktop\ARM\STM32\Blank
#        Examples\LVGL_v9_blank\EWARM\LVGL_v9_blank\Obj\misc_16881187190190018854.dir\lv_event.o"
#        "C:\Users\akich\Desktop\ARM\STM32\Blank
#        Examples\LVGL_v9_blank\EWARM\LVGL_v9_blank\Obj\libs_9177850263139788189.dir\lv_ffmpeg.o"
#        "C:\Users\akich\Desktop\ARM\STM32\Blank
#        Examples\LVGL_v9_blank\EWARM\LVGL_v9_blank\Obj\others_7705336898721011128.dir\lv_file_explorer.o"
#        "C:\Users\akich\Desktop\ARM\STM32\Blank
#        Examples\LVGL_v9_blank\EWARM\LVGL_v9_blank\Obj\layouts_14756455154441785794.dir\lv_flex.o"
#        "C:\Users\akich\Desktop\ARM\STM32\Blank
#        Examples\LVGL_v9_blank\EWARM\LVGL_v9_blank\Obj\font_5282089926961387619.dir\lv_font.o"
#        "C:\Users\akich\Desktop\ARM\STM32\Blank
#        Examples\LVGL_v9_blank\EWARM\LVGL_v9_blank\Obj\font_5282089926961387619.dir\lv_font_dejavu_16_persian_hebrew.o"
#        "C:\Users\akich\Desktop\ARM\STM32\Blank
#        Examples\LVGL_v9_blank\EWARM\LVGL_v9_blank\Obj\font_5282089926961387619.dir\lv_font_fmt_txt.o"
#        "C:\Users\akich\Desktop\ARM\STM32\Blank
#        Examples\LVGL_v9_blank\EWARM\LVGL_v9_blank\Obj\font_5282089926961387619.dir\lv_font_montserrat_10.o"
#        "C:\Users\akich\Desktop\ARM\STM32\Blank
#        Examples\LVGL_v9_blank\EWARM\LVGL_v9_blank\Obj\font_5282089926961387619.dir\lv_font_montserrat_12.o"
#        "C:\Users\akich\Desktop\ARM\STM32\Blank
#        Examples\LVGL_v9_blank\EWARM\LVGL_v9_blank\Obj\font_5282089926961387619.dir\lv_font_montserrat_14.o"
#        "C:\Users\akich\Desktop\ARM\STM32\Blank
#        Examples\LVGL_v9_blank\EWARM\LVGL_v9_blank\Obj\font_5282089926961387619.dir\lv_font_montserrat_16.o"
#        "C:\Users\akich\Desktop\ARM\STM32\Blank
#        Examples\LVGL_v9_blank\EWARM\LVGL_v9_blank\Obj\font_5282089926961387619.dir\lv_font_montserrat_18.o"
#        "C:\Users\akich\Desktop\ARM\STM32\Blank
#        Examples\LVGL_v9_blank\EWARM\LVGL_v9_blank\Obj\font_5282089926961387619.dir\lv_font_montserrat_20.o"
#        "C:\Users\akich\Desktop\ARM\STM32\Blank
#        Examples\LVGL_v9_blank\EWARM\LVGL_v9_blank\Obj\font_5282089926961387619.dir\lv_font_montserrat_22.o"
#        "C:\Users\akich\Desktop\ARM\STM32\Blank
#        Examples\LVGL_v9_blank\EWARM\LVGL_v9_blank\Obj\font_5282089926961387619.dir\lv_font_montserrat_24.o"
#        "C:\Users\akich\Desktop\ARM\STM32\Blank
#        Examples\LVGL_v9_blank\EWARM\LVGL_v9_blank\Obj\font_5282089926961387619.dir\lv_font_montserrat_26.o"
#        "C:\Users\akich\Desktop\ARM\STM32\Blank
#        Examples\LVGL_v9_blank\EWARM\LVGL_v9_blank\Obj\font_5282089926961387619.dir\lv_font_montserrat_28.o"
#        "C:\Users\akich\Desktop\ARM\STM32\Blank
#        Examples\LVGL_v9_blank\EWARM\LVGL_v9_blank\Obj\font_5282089926961387619.dir\lv_font_montserrat_28_compressed.o"
#        "C:\Users\akich\Desktop\ARM\STM32\Blank
#        Examples\LVGL_v9_blank\EWARM\LVGL_v9_blank\Obj\font_5282089926961387619.dir\lv_font_montserrat_30.o"
#        "C:\Users\akich\Desktop\ARM\STM32\Blank
#        Examples\LVGL_v9_blank\EWARM\LVGL_v9_blank\Obj\font_5282089926961387619.dir\lv_font_montserrat_32.o"
#        "C:\Users\akich\Desktop\ARM\STM32\Blank
#        Examples\LVGL_v9_blank\EWARM\LVGL_v9_blank\Obj\font_5282089926961387619.dir\lv_font_montserrat_34.o"
#        "C:\Users\akich\Desktop\ARM\STM32\Blank
#        Examples\LVGL_v9_blank\EWARM\LVGL_v9_blank\Obj\font_5282089926961387619.dir\lv_font_montserrat_36.o"
#        "C:\Users\akich\Desktop\ARM\STM32\Blank
#        Examples\LVGL_v9_blank\EWARM\LVGL_v9_blank\Obj\font_5282089926961387619.dir\lv_font_montserrat_38.o"
#        "C:\Users\akich\Desktop\ARM\STM32\Blank
#        Examples\LVGL_v9_blank\EWARM\LVGL_v9_blank\Obj\font_5282089926961387619.dir\lv_font_montserrat_40.o"
#        "C:\Users\akich\Desktop\ARM\STM32\Blank
#        Examples\LVGL_v9_blank\EWARM\LVGL_v9_blank\Obj\font_5282089926961387619.dir\lv_font_montserrat_42.o"
#        "C:\Users\akich\Desktop\ARM\STM32\Blank
#        Examples\LVGL_v9_blank\EWARM\LVGL_v9_blank\Obj\font_5282089926961387619.dir\lv_font_montserrat_44.o"
#        "C:\Users\akich\Desktop\ARM\STM32\Blank
#        Examples\LVGL_v9_blank\EWARM\LVGL_v9_blank\Obj\font_5282089926961387619.dir\lv_font_montserrat_46.o"
#        "C:\Users\akich\Desktop\ARM\STM32\Blank
#        Examples\LVGL_v9_blank\EWARM\LVGL_v9_blank\Obj\font_5282089926961387619.dir\lv_font_montserrat_48.o"
#        "C:\Users\akich\Desktop\ARM\STM32\Blank
#        Examples\LVGL_v9_blank\EWARM\LVGL_v9_blank\Obj\font_5282089926961387619.dir\lv_font_montserrat_8.o"
#        "C:\Users\akich\Desktop\ARM\STM32\Blank
#        Examples\LVGL_v9_blank\EWARM\LVGL_v9_blank\Obj\font_5282089926961387619.dir\lv_font_simsun_14_cjk.o"
#        "C:\Users\akich\Desktop\ARM\STM32\Blank
#        Examples\LVGL_v9_blank\EWARM\LVGL_v9_blank\Obj\font_5282089926961387619.dir\lv_font_simsun_16_cjk.o"
#        "C:\Users\akich\Desktop\ARM\STM32\Blank
#        Examples\LVGL_v9_blank\EWARM\LVGL_v9_blank\Obj\font_5282089926961387619.dir\lv_font_unscii_16.o"
#        "C:\Users\akich\Desktop\ARM\STM32\Blank
#        Examples\LVGL_v9_blank\EWARM\LVGL_v9_blank\Obj\font_5282089926961387619.dir\lv_font_unscii_8.o"
#        "C:\Users\akich\Desktop\ARM\STM32\Blank
#        Examples\LVGL_v9_blank\EWARM\LVGL_v9_blank\Obj\others_7705336898721011128.dir\lv_fragment.o"
#        "C:\Users\akich\Desktop\ARM\STM32\Blank
#        Examples\LVGL_v9_blank\EWARM\LVGL_v9_blank\Obj\others_7705336898721011128.dir\lv_fragment_manager.o"
#        "C:\Users\akich\Desktop\ARM\STM32\Blank
#        Examples\LVGL_v9_blank\EWARM\LVGL_v9_blank\Obj\osal_13343972963114398913.dir\lv_freertos.o"
#        "C:\Users\akich\Desktop\ARM\STM32\Blank
#        Examples\LVGL_v9_blank\EWARM\LVGL_v9_blank\Obj\libs_9177850263139788189.dir\lv_freetype.o"
#        "C:\Users\akich\Desktop\ARM\STM32\Blank
#        Examples\LVGL_v9_blank\EWARM\LVGL_v9_blank\Obj\libs_9177850263139788189.dir\lv_freetype_glyph.o"
#        "C:\Users\akich\Desktop\ARM\STM32\Blank
#        Examples\LVGL_v9_blank\EWARM\LVGL_v9_blank\Obj\libs_9177850263139788189.dir\lv_freetype_image.o"
#        "C:\Users\akich\Desktop\ARM\STM32\Blank
#        Examples\LVGL_v9_blank\EWARM\LVGL_v9_blank\Obj\libs_9177850263139788189.dir\lv_freetype_outline.o"
#        "C:\Users\akich\Desktop\ARM\STM32\Blank
#        Examples\LVGL_v9_blank\EWARM\LVGL_v9_blank\Obj\misc_16881187190190018854.dir\lv_fs.o"
#        "C:\Users\akich\Desktop\ARM\STM32\Blank
#        Examples\LVGL_v9_blank\EWARM\LVGL_v9_blank\Obj\libs_9177850263139788189.dir\lv_fs_cbfs.o"
#        "C:\Users\akich\Desktop\ARM\STM32\Blank
#        Examples\LVGL_v9_blank\EWARM\LVGL_v9_blank\Obj\libs_9177850263139788189.dir\lv_fs_fatfs.o"
#        "C:\Users\akich\Desktop\ARM\STM32\Blank
#        Examples\LVGL_v9_blank\EWARM\LVGL_v9_blank\Obj\libs_9177850263139788189.dir\lv_fs_littlefs.o"
#        "C:\Users\akich\Desktop\ARM\STM32\Blank
#        Examples\LVGL_v9_blank\EWARM\LVGL_v9_blank\Obj\libs_9177850263139788189.dir\lv_fs_memfs.o"
#        "C:\Users\akich\Desktop\ARM\STM32\Blank
#        Examples\LVGL_v9_blank\EWARM\LVGL_v9_blank\Obj\libs_9177850263139788189.dir\lv_fs_posix.o"
#        "C:\Users\akich\Desktop\ARM\STM32\Blank
#        Examples\LVGL_v9_blank\EWARM\LVGL_v9_blank\Obj\libs_9177850263139788189.dir\lv_fs_stdio.o"
#        "C:\Users\akich\Desktop\ARM\STM32\Blank
#        Examples\LVGL_v9_blank\EWARM\LVGL_v9_blank\Obj\libs_9177850263139788189.dir\lv_fs_win32.o"
#        "C:\Users\akich\Desktop\ARM\STM32\Blank
#        Examples\LVGL_v9_blank\EWARM\LVGL_v9_blank\Obj\libs_9177850263139788189.dir\lv_ftsystem.o"
#        "C:\Users\akich\Desktop\ARM\STM32\Blank
#        Examples\LVGL_v9_blank\EWARM\LVGL_v9_blank\Obj\layouts_14756455154441785794.dir\lv_grid.o"
#        "C:\Users\akich\Desktop\ARM\STM32\Blank
#        Examples\LVGL_v9_blank\EWARM\LVGL_v9_blank\Obj\others_7705336898721011128.dir\lv_gridnav.o"
#        "C:\Users\akich\Desktop\ARM\STM32\Blank
#        Examples\LVGL_v9_blank\EWARM\LVGL_v9_blank\Obj\core_13819815791201091912.dir\lv_group.o"
#        "C:\Users\akich\Desktop\ARM\STM32\Blank
#        Examples\LVGL_v9_blank\EWARM\LVGL_v9_blank\Obj\widgets_8521493442100195656.dir\lv_image.o"
#        "C:\Users\akich\Desktop\ARM\STM32\Blank
#        Examples\LVGL_v9_blank\EWARM\LVGL_v9_blank\Obj\misc_16881187190190018854.dir\lv_image_cache.o"
#        "C:\Users\akich\Desktop\ARM\STM32\Blank
#        Examples\LVGL_v9_blank\EWARM\LVGL_v9_blank\Obj\draw_2530733899630150080.dir\lv_image_decoder.o"
#        "C:\Users\akich\Desktop\ARM\STM32\Blank
#        Examples\LVGL_v9_blank\EWARM\LVGL_v9_blank\Obj\misc_16881187190190018854.dir\lv_image_header_cache.o"
#        "C:\Users\akich\Desktop\ARM\STM32\Blank
#        Examples\LVGL_v9_blank\EWARM\LVGL_v9_blank\Obj\widgets_8521493442100195656.dir\lv_image_properties.o"
#        "C:\Users\akich\Desktop\ARM\STM32\Blank
#        Examples\LVGL_v9_blank\EWARM\LVGL_v9_blank\Obj\widgets_8521493442100195656.dir\lv_imagebutton.o"
#        "C:\Users\akich\Desktop\ARM\STM32\Blank
#        Examples\LVGL_v9_blank\EWARM\LVGL_v9_blank\Obj\others_7705336898721011128.dir\lv_ime_pinyin.o"
#        "C:\Users\akich\Desktop\ARM\STM32\Blank
#        Examples\LVGL_v9_blank\EWARM\LVGL_v9_blank\Obj\others_7705336898721011128.dir\lv_imgfont.o"
#        "C:\Users\akich\Desktop\ARM\STM32\Blank
#        Examples\LVGL_v9_blank\EWARM\LVGL_v9_blank\Obj\indev_6694492611914613743.dir\lv_indev.o"
#        "C:\Users\akich\Desktop\ARM\STM32\Blank
#        Examples\LVGL_v9_blank\EWARM\LVGL_v9_blank\Obj\indev_6694492611914613743.dir\lv_indev_scroll.o"
#        "C:\Users\akich\Desktop\ARM\STM32\Blank
#        Examples\LVGL_v9_blank\EWARM\LVGL_v9_blank\Obj\lv_src_6856944777778270906.dir\lv_init.o"
#        "C:\Users\akich\Desktop\ARM\STM32\Blank
#        Examples\LVGL_v9_blank\EWARM\LVGL_v9_blank\Obj\widgets_8521493442100195656.dir\lv_keyboard.o"
#        "C:\Users\akich\Desktop\ARM\STM32\Blank
#        Examples\LVGL_v9_blank\EWARM\LVGL_v9_blank\Obj\widgets_8521493442100195656.dir\lv_keyboard_properties.o"
#        "C:\Users\akich\Desktop\ARM\STM32\Blank
#        Examples\LVGL_v9_blank\EWARM\LVGL_v9_blank\Obj\widgets_8521493442100195656.dir\lv_label.o"
#        "C:\Users\akich\Desktop\ARM\STM32\Blank
#        Examples\LVGL_v9_blank\EWARM\LVGL_v9_blank\Obj\widgets_8521493442100195656.dir\lv_label_properties.o"
#        "C:\Users\akich\Desktop\ARM\STM32\Blank
#        Examples\LVGL_v9_blank\EWARM\LVGL_v9_blank\Obj\layouts_14756455154441785794.dir\lv_layout.o"
#        "C:\Users\akich\Desktop\ARM\STM32\Blank
#        Examples\LVGL_v9_blank\EWARM\LVGL_v9_blank\Obj\widgets_8521493442100195656.dir\lv_led.o"
#        "C:\Users\akich\Desktop\ARM\STM32\Blank
#        Examples\LVGL_v9_blank\EWARM\LVGL_v9_blank\Obj\widgets_8521493442100195656.dir\lv_line.o"
#        "C:\Users\akich\Desktop\ARM\STM32\Blank
#        Examples\LVGL_v9_blank\EWARM\LVGL_v9_blank\Obj\widgets_8521493442100195656.dir\lv_list.o"
#        "C:\Users\akich\Desktop\ARM\STM32\Blank
#        Examples\LVGL_v9_blank\EWARM\LVGL_v9_blank\Obj\misc_16881187190190018854.dir\lv_ll.o"
#        "C:\Users\akich\Desktop\ARM\STM32\Blank
#        Examples\LVGL_v9_blank\EWARM\LVGL_v9_blank\Obj\misc_16881187190190018854.dir\lv_log.o"
#        "C:\Users\akich\Desktop\ARM\STM32\Blank
#        Examples\LVGL_v9_blank\EWARM\LVGL_v9_blank\Obj\widgets_8521493442100195656.dir\lv_lottie.o"
#        "C:\Users\akich\Desktop\ARM\STM32\Blank
#        Examples\LVGL_v9_blank\EWARM\LVGL_v9_blank\Obj\misc_16881187190190018854.dir\lv_lru.o"
#        "C:\Users\akich\Desktop\ARM\STM32\Blank
#        Examples\LVGL_v9_blank\EWARM\LVGL_v9_blank\Obj\misc_16881187190190018854.dir\lv_math.o"
#        "C:\Users\akich\Desktop\ARM\STM32\Blank
#        Examples\LVGL_v9_blank\EWARM\LVGL_v9_blank\Obj\misc_16881187190190018854.dir\lv_matrix.o"
#        "C:\Users\akich\Desktop\ARM\STM32\Blank
#        Examples\LVGL_v9_blank\EWARM\LVGL_v9_blank\Obj\stdlib_7562326214874580633.dir\lv_mem.o"
#        "C:\Users\akich\Desktop\ARM\STM32\Blank
#        Examples\LVGL_v9_blank\EWARM\LVGL_v9_blank\Obj\stdlib_7562326214874580633.dir\lv_mem_core_builtin.o"
#        "C:\Users\akich\Desktop\ARM\STM32\Blank
#        Examples\LVGL_v9_blank\EWARM\LVGL_v9_blank\Obj\stdlib_7562326214874580633.dir\lv_mem_core_clib.o"
#        "C:\Users\akich\Desktop\ARM\STM32\Blank
#        Examples\LVGL_v9_blank\EWARM\LVGL_v9_blank\Obj\stdlib_7562326214874580633.dir\lv_mem_core_micropython.o"
#        "C:\Users\akich\Desktop\ARM\STM32\Blank
#        Examples\LVGL_v9_blank\EWARM\LVGL_v9_blank\Obj\stdlib_7562326214874580633.dir\lv_mem_core_rtthread.o"
#        "C:\Users\akich\Desktop\ARM\STM32\Blank
#        Examples\LVGL_v9_blank\EWARM\LVGL_v9_blank\Obj\widgets_8521493442100195656.dir\lv_menu.o"
#        "C:\Users\akich\Desktop\ARM\STM32\Blank
#        Examples\LVGL_v9_blank\EWARM\LVGL_v9_blank\Obj\others_7705336898721011128.dir\lv_monkey.o"
#        "C:\Users\akich\Desktop\ARM\STM32\Blank
#        Examples\LVGL_v9_blank\EWARM\LVGL_v9_blank\Obj\osal_13343972963114398913.dir\lv_mqx.o"
#        "C:\Users\akich\Desktop\ARM\STM32\Blank
#        Examples\LVGL_v9_blank\EWARM\LVGL_v9_blank\Obj\widgets_8521493442100195656.dir\lv_msgbox.o"
#        "C:\Users\akich\Desktop\ARM\STM32\Blank
#        Examples\LVGL_v9_blank\EWARM\LVGL_v9_blank\Obj\core_13819815791201091912.dir\lv_obj.o"
#        "C:\Users\akich\Desktop\ARM\STM32\Blank
#        Examples\LVGL_v9_blank\EWARM\LVGL_v9_blank\Obj\core_13819815791201091912.dir\lv_obj_class.o"
#        "C:\Users\akich\Desktop\ARM\STM32\Blank
#        Examples\LVGL_v9_blank\EWARM\LVGL_v9_blank\Obj\core_13819815791201091912.dir\lv_obj_draw.o"
#        "C:\Users\akich\Desktop\ARM\STM32\Blank
#        Examples\LVGL_v9_blank\EWARM\LVGL_v9_blank\Obj\core_13819815791201091912.dir\lv_obj_event.o"
#        "C:\Users\akich\Desktop\ARM\STM32\Blank
#        Examples\LVGL_v9_blank\EWARM\LVGL_v9_blank\Obj\core_13819815791201091912.dir\lv_obj_id_builtin.o"
#        "C:\Users\akich\Desktop\ARM\STM32\Blank
#        Examples\LVGL_v9_blank\EWARM\LVGL_v9_blank\Obj\core_13819815791201091912.dir\lv_obj_pos.o"
#        "C:\Users\akich\Desktop\ARM\STM32\Blank
#        Examples\LVGL_v9_blank\EWARM\LVGL_v9_blank\Obj\widgets_8521493442100195656.dir\lv_obj_properties.o"
#        "C:\Users\akich\Desktop\ARM\STM32\Blank
#        Examples\LVGL_v9_blank\EWARM\LVGL_v9_blank\Obj\core_13819815791201091912.dir\lv_obj_property.o"
#        "C:\Users\akich\Desktop\ARM\STM32\Blank
#        Examples\LVGL_v9_blank\EWARM\LVGL_v9_blank\Obj\core_13819815791201091912.dir\lv_obj_scroll.o"
#        "C:\Users\akich\Desktop\ARM\STM32\Blank
#        Examples\LVGL_v9_blank\EWARM\LVGL_v9_blank\Obj\core_13819815791201091912.dir\lv_obj_style.o"
#        "C:\Users\akich\Desktop\ARM\STM32\Blank
#        Examples\LVGL_v9_blank\EWARM\LVGL_v9_blank\Obj\core_13819815791201091912.dir\lv_obj_style_gen.o"
#        "C:\Users\akich\Desktop\ARM\STM32\Blank
#        Examples\LVGL_v9_blank\EWARM\LVGL_v9_blank\Obj\core_13819815791201091912.dir\lv_obj_tree.o"
#        "C:\Users\akich\Desktop\ARM\STM32\Blank
#        Examples\LVGL_v9_blank\EWARM\LVGL_v9_blank\Obj\widgets_8521493442100195656.dir\lv_objx_templ.o"
#        "C:\Users\akich\Desktop\ARM\STM32\Blank
#        Examples\LVGL_v9_blank\EWARM\LVGL_v9_blank\Obj\others_7705336898721011128.dir\lv_observer.o"
#        "C:\Users\akich\Desktop\ARM\STM32\Blank
#        Examples\LVGL_v9_blank\EWARM\LVGL_v9_blank\Obj\osal_13343972963114398913.dir\lv_os.o"
#        "C:\Users\akich\Desktop\ARM\STM32\Blank
#        Examples\LVGL_v9_blank\EWARM\LVGL_v9_blank\Obj\osal_13343972963114398913.dir\lv_os_none.o"
#        "C:\Users\akich\Desktop\ARM\STM32\Blank
#        Examples\LVGL_v9_blank\EWARM\LVGL_v9_blank\Obj\misc_16881187190190018854.dir\lv_palette.o"
#        "C:\Users\akich\Desktop\ARM\STM32\Blank
#        Examples\LVGL_v9_blank\EWARM\LVGL_v9_blank\Obj\porting_1738693376754968407.dir\lv_port_disp.o"
#        "C:\Users\akich\Desktop\ARM\STM32\Blank
#        Examples\LVGL_v9_blank\EWARM\LVGL_v9_blank\Obj\porting_1738693376754968407.dir\lv_port_indev.o"
#        "C:\Users\akich\Desktop\ARM\STM32\Blank
#        Examples\LVGL_v9_blank\EWARM\LVGL_v9_blank\Obj\misc_16881187190190018854.dir\lv_profiler_builtin.o"
#        "C:\Users\akich\Desktop\ARM\STM32\Blank
#        Examples\LVGL_v9_blank\EWARM\LVGL_v9_blank\Obj\osal_13343972963114398913.dir\lv_pthread.o"
#        "C:\Users\akich\Desktop\ARM\STM32\Blank
#        Examples\LVGL_v9_blank\EWARM\LVGL_v9_blank\Obj\misc_16881187190190018854.dir\lv_rb.o"
#        "C:\Users\akich\Desktop\ARM\STM32\Blank
#        Examples\LVGL_v9_blank\EWARM\LVGL_v9_blank\Obj\core_13819815791201091912.dir\lv_refr.o"
#        "C:\Users\akich\Desktop\ARM\STM32\Blank
#        Examples\LVGL_v9_blank\EWARM\LVGL_v9_blank\Obj\widgets_8521493442100195656.dir\lv_roller.o"
#        "C:\Users\akich\Desktop\ARM\STM32\Blank
#        Examples\LVGL_v9_blank\EWARM\LVGL_v9_blank\Obj\widgets_8521493442100195656.dir\lv_roller_properties.o"
#        "C:\Users\akich\Desktop\ARM\STM32\Blank
#        Examples\LVGL_v9_blank\EWARM\LVGL_v9_blank\Obj\osal_13343972963114398913.dir\lv_rtthread.o"
#        "C:\Users\akich\Desktop\ARM\STM32\Blank
#        Examples\LVGL_v9_blank\EWARM\LVGL_v9_blank\Obj\widgets_8521493442100195656.dir\lv_scale.o"
#        "C:\Users\akich\Desktop\ARM\STM32\Blank
#        Examples\LVGL_v9_blank\EWARM\LVGL_v9_blank\Obj\widgets_8521493442100195656.dir\lv_slider.o"
#        "C:\Users\akich\Desktop\ARM\STM32\Blank
#        Examples\LVGL_v9_blank\EWARM\LVGL_v9_blank\Obj\others_7705336898721011128.dir\lv_snapshot.o"
#        "C:\Users\akich\Desktop\ARM\STM32\Blank
#        Examples\LVGL_v9_blank\EWARM\LVGL_v9_blank\Obj\widgets_8521493442100195656.dir\lv_span.o"
#        "C:\Users\akich\Desktop\ARM\STM32\Blank
#        Examples\LVGL_v9_blank\EWARM\LVGL_v9_blank\Obj\widgets_8521493442100195656.dir\lv_spinbox.o"
#        "C:\Users\akich\Desktop\ARM\STM32\Blank
#        Examples\LVGL_v9_blank\EWARM\LVGL_v9_blank\Obj\widgets_8521493442100195656.dir\lv_spinner.o"
#        "C:\Users\akich\Desktop\ARM\STM32\Blank
#        Examples\LVGL_v9_blank\EWARM\LVGL_v9_blank\Obj\stdlib_7562326214874580633.dir\lv_sprintf_builtin.o"
#        "C:\Users\akich\Desktop\ARM\STM32\Blank
#        Examples\LVGL_v9_blank\EWARM\LVGL_v9_blank\Obj\stdlib_7562326214874580633.dir\lv_sprintf_clib.o"
#        "C:\Users\akich\Desktop\ARM\STM32\Blank
#        Examples\LVGL_v9_blank\EWARM\LVGL_v9_blank\Obj\stdlib_7562326214874580633.dir\lv_sprintf_rtthread.o"
#        "C:\Users\akich\Desktop\ARM\STM32\Blank
#        Examples\LVGL_v9_blank\EWARM\LVGL_v9_blank\Obj\stdlib_7562326214874580633.dir\lv_string_builtin.o"
#        "C:\Users\akich\Desktop\ARM\STM32\Blank
#        Examples\LVGL_v9_blank\EWARM\LVGL_v9_blank\Obj\stdlib_7562326214874580633.dir\lv_string_clib.o"
#        "C:\Users\akich\Desktop\ARM\STM32\Blank
#        Examples\LVGL_v9_blank\EWARM\LVGL_v9_blank\Obj\stdlib_7562326214874580633.dir\lv_string_rtthread.o"
#        "C:\Users\akich\Desktop\ARM\STM32\Blank
#        Examples\LVGL_v9_blank\EWARM\LVGL_v9_blank\Obj\misc_16881187190190018854.dir\lv_style.o"
#        "C:\Users\akich\Desktop\ARM\STM32\Blank
#        Examples\LVGL_v9_blank\EWARM\LVGL_v9_blank\Obj\misc_16881187190190018854.dir\lv_style_gen.o"
#        "C:\Users\akich\Desktop\ARM\STM32\Blank
#        Examples\LVGL_v9_blank\EWARM\LVGL_v9_blank\Obj\widgets_8521493442100195656.dir\lv_style_properties.o"
#        "C:\Users\akich\Desktop\ARM\STM32\Blank
#        Examples\LVGL_v9_blank\EWARM\LVGL_v9_blank\Obj\widgets_8521493442100195656.dir\lv_switch.o"
#        "C:\Users\akich\Desktop\ARM\STM32\Blank
#        Examples\LVGL_v9_blank\EWARM\LVGL_v9_blank\Obj\others_7705336898721011128.dir\lv_sysmon.o"
#        "C:\Users\akich\Desktop\ARM\STM32\Blank
#        Examples\LVGL_v9_blank\EWARM\LVGL_v9_blank\Obj\widgets_8521493442100195656.dir\lv_table.o"
#        "C:\Users\akich\Desktop\ARM\STM32\Blank
#        Examples\LVGL_v9_blank\EWARM\LVGL_v9_blank\Obj\widgets_8521493442100195656.dir\lv_tabview.o"
#        "C:\Users\akich\Desktop\ARM\STM32\Blank
#        Examples\LVGL_v9_blank\EWARM\LVGL_v9_blank\Obj\misc_16881187190190018854.dir\lv_templ.o"
#        "C:\Users\akich\Desktop\ARM\STM32\Blank
#        Examples\LVGL_v9_blank\EWARM\LVGL_v9_blank\Obj\misc_16881187190190018854.dir\lv_text.o"
#        "C:\Users\akich\Desktop\ARM\STM32\Blank
#        Examples\LVGL_v9_blank\EWARM\LVGL_v9_blank\Obj\misc_16881187190190018854.dir\lv_text_ap.o"
#        "C:\Users\akich\Desktop\ARM\STM32\Blank
#        Examples\LVGL_v9_blank\EWARM\LVGL_v9_blank\Obj\widgets_8521493442100195656.dir\lv_textarea.o"
#        "C:\Users\akich\Desktop\ARM\STM32\Blank
#        Examples\LVGL_v9_blank\EWARM\LVGL_v9_blank\Obj\widgets_8521493442100195656.dir\lv_textarea_properties.o"
#        "C:\Users\akich\Desktop\ARM\STM32\Blank
#        Examples\LVGL_v9_blank\EWARM\LVGL_v9_blank\Obj\themes_1773534836645081464.dir\lv_theme.o"
#        "C:\Users\akich\Desktop\ARM\STM32\Blank
#        Examples\LVGL_v9_blank\EWARM\LVGL_v9_blank\Obj\themes_1773534836645081464.dir\lv_theme_default.o"
#        "C:\Users\akich\Desktop\ARM\STM32\Blank
#        Examples\LVGL_v9_blank\EWARM\LVGL_v9_blank\Obj\themes_1773534836645081464.dir\lv_theme_mono.o"
#        "C:\Users\akich\Desktop\ARM\STM32\Blank
#        Examples\LVGL_v9_blank\EWARM\LVGL_v9_blank\Obj\themes_1773534836645081464.dir\lv_theme_simple.o"
#        "C:\Users\akich\Desktop\ARM\STM32\Blank
#        Examples\LVGL_v9_blank\EWARM\LVGL_v9_blank\Obj\tick_10117965653351445059.dir\lv_tick.o"
#        "C:\Users\akich\Desktop\ARM\STM32\Blank
#        Examples\LVGL_v9_blank\EWARM\LVGL_v9_blank\Obj\widgets_8521493442100195656.dir\lv_tileview.o"
#        "C:\Users\akich\Desktop\ARM\STM32\Blank
#        Examples\LVGL_v9_blank\EWARM\LVGL_v9_blank\Obj\misc_16881187190190018854.dir\lv_timer.o"
#        "C:\Users\akich\Desktop\ARM\STM32\Blank
#        Examples\LVGL_v9_blank\EWARM\LVGL_v9_blank\Obj\stdlib_7562326214874580633.dir\lv_tlsf.o"
#        "C:\Users\akich\Desktop\ARM\STM32\Blank
#        Examples\LVGL_v9_blank\EWARM\LVGL_v9_blank\Obj\misc_16881187190190018854.dir\lv_utils.o"
#        "C:\Users\akich\Desktop\ARM\STM32\Blank
#        Examples\LVGL_v9_blank\EWARM\LVGL_v9_blank\Obj\draw_2530733899630150080.dir\lv_vg_lite_decoder.o"
#        "C:\Users\akich\Desktop\ARM\STM32\Blank
#        Examples\LVGL_v9_blank\EWARM\LVGL_v9_blank\Obj\draw_2530733899630150080.dir\lv_vg_lite_grad.o"
#        "C:\Users\akich\Desktop\ARM\STM32\Blank
#        Examples\LVGL_v9_blank\EWARM\LVGL_v9_blank\Obj\draw_2530733899630150080.dir\lv_vg_lite_math.o"
#        "C:\Users\akich\Desktop\ARM\STM32\Blank
#        Examples\LVGL_v9_blank\EWARM\LVGL_v9_blank\Obj\draw_2530733899630150080.dir\lv_vg_lite_path.o"
#        "C:\Users\akich\Desktop\ARM\STM32\Blank
#        Examples\LVGL_v9_blank\EWARM\LVGL_v9_blank\Obj\draw_2530733899630150080.dir\lv_vg_lite_pending.o"
#        "C:\Users\akich\Desktop\ARM\STM32\Blank
#        Examples\LVGL_v9_blank\EWARM\LVGL_v9_blank\Obj\draw_2530733899630150080.dir\lv_vg_lite_stroke.o"
#        "C:\Users\akich\Desktop\ARM\STM32\Blank
#        Examples\LVGL_v9_blank\EWARM\LVGL_v9_blank\Obj\draw_2530733899630150080.dir\lv_vg_lite_utils.o"
#        "C:\Users\akich\Desktop\ARM\STM32\Blank
#        Examples\LVGL_v9_blank\EWARM\LVGL_v9_blank\Obj\widgets_8521493442100195656.dir\lv_win.o"
#        "C:\Users\akich\Desktop\ARM\STM32\Blank
#        Examples\LVGL_v9_blank\EWARM\LVGL_v9_blank\Obj\osal_13343972963114398913.dir\lv_windows.o"
#        "C:\Users\akich\Desktop\ARM\STM32\Blank
#        Examples\LVGL_v9_blank\EWARM\LVGL_v9_blank\Obj\Core_13247989168731456611.dir\main.o"
#        "C:\Users\akich\Desktop\ARM\STM32\Blank
#        Examples\LVGL_v9_blank\EWARM\LVGL_v9_blank\Obj\Core_13247989168731456611.dir\myiic.o"
#        "C:\Users\akich\Desktop\ARM\STM32\Blank
#        Examples\LVGL_v9_blank\EWARM\LVGL_v9_blank\Obj\Core_13247989168731456611.dir\sdram.o"
#        "C:\Users\akich\Desktop\ARM\STM32\Blank
#        Examples\LVGL_v9_blank\EWARM\LVGL_v9_blank\Obj\EWARM_18443280873093131863.dir\startup_stm32f429xx.o"
#        "C:\Users\akich\Desktop\ARM\STM32\Blank
#        Examples\LVGL_v9_blank\EWARM\LVGL_v9_blank\Obj\STM32F4xx_HAL_Driver_1244631019742807970.dir\stm32f4xx_hal.o"
#        "C:\Users\akich\Desktop\ARM\STM32\Blank
#        Examples\LVGL_v9_blank\EWARM\LVGL_v9_blank\Obj\STM32F4xx_HAL_Driver_1244631019742807970.dir\stm32f4xx_hal_cortex.o"
#        "C:\Users\akich\Desktop\ARM\STM32\Blank
#        Examples\LVGL_v9_blank\EWARM\LVGL_v9_blank\Obj\STM32F4xx_HAL_Driver_1244631019742807970.dir\stm32f4xx_hal_dma.o"
#        "C:\Users\akich\Desktop\ARM\STM32\Blank
#        Examples\LVGL_v9_blank\EWARM\LVGL_v9_blank\Obj\STM32F4xx_HAL_Driver_1244631019742807970.dir\stm32f4xx_hal_dma2d.o"
#        "C:\Users\akich\Desktop\ARM\STM32\Blank
#        Examples\LVGL_v9_blank\EWARM\LVGL_v9_blank\Obj\STM32F4xx_HAL_Driver_1244631019742807970.dir\stm32f4xx_hal_dma_ex.o"
#        "C:\Users\akich\Desktop\ARM\STM32\Blank
#        Examples\LVGL_v9_blank\EWARM\LVGL_v9_blank\Obj\STM32F4xx_HAL_Driver_1244631019742807970.dir\stm32f4xx_hal_exti.o"
#        "C:\Users\akich\Desktop\ARM\STM32\Blank
#        Examples\LVGL_v9_blank\EWARM\LVGL_v9_blank\Obj\STM32F4xx_HAL_Driver_1244631019742807970.dir\stm32f4xx_hal_flash.o"
#        "C:\Users\akich\Desktop\ARM\STM32\Blank
#        Examples\LVGL_v9_blank\EWARM\LVGL_v9_blank\Obj\STM32F4xx_HAL_Driver_1244631019742807970.dir\stm32f4xx_hal_flash_ex.o"
#        "C:\Users\akich\Desktop\ARM\STM32\Blank
#        Examples\LVGL_v9_blank\EWARM\LVGL_v9_blank\Obj\STM32F4xx_HAL_Driver_1244631019742807970.dir\stm32f4xx_hal_flash_ramfunc.o"
#        "C:\Users\akich\Desktop\ARM\STM32\Blank
#        Examples\LVGL_v9_blank\EWARM\LVGL_v9_blank\Obj\STM32F4xx_HAL_Driver_1244631019742807970.dir\stm32f4xx_hal_gpio.o"
#        "C:\Users\akich\Desktop\ARM\STM32\Blank
#        Examples\LVGL_v9_blank\EWARM\LVGL_v9_blank\Obj\STM32F4xx_HAL_Driver_1244631019742807970.dir\stm32f4xx_hal_ltdc.o"
#        "C:\Users\akich\Desktop\ARM\STM32\Blank
#        Examples\LVGL_v9_blank\EWARM\LVGL_v9_blank\Obj\STM32F4xx_HAL_Driver_1244631019742807970.dir\stm32f4xx_hal_ltdc_ex.o"
#        "C:\Users\akich\Desktop\ARM\STM32\Blank
#        Examples\LVGL_v9_blank\EWARM\LVGL_v9_blank\Obj\Core_13247989168731456611.dir\stm32f4xx_hal_msp.o"
#        "C:\Users\akich\Desktop\ARM\STM32\Blank
#        Examples\LVGL_v9_blank\EWARM\LVGL_v9_blank\Obj\STM32F4xx_HAL_Driver_1244631019742807970.dir\stm32f4xx_hal_pwr.o"
#        "C:\Users\akich\Desktop\ARM\STM32\Blank
#        Examples\LVGL_v9_blank\EWARM\LVGL_v9_blank\Obj\STM32F4xx_HAL_Driver_1244631019742807970.dir\stm32f4xx_hal_pwr_ex.o"
#        "C:\Users\akich\Desktop\ARM\STM32\Blank
#        Examples\LVGL_v9_blank\EWARM\LVGL_v9_blank\Obj\STM32F4xx_HAL_Driver_1244631019742807970.dir\stm32f4xx_hal_rcc.o"
#        "C:\Users\akich\Desktop\ARM\STM32\Blank
#        Examples\LVGL_v9_blank\EWARM\LVGL_v9_blank\Obj\STM32F4xx_HAL_Driver_1244631019742807970.dir\stm32f4xx_hal_rcc_ex.o"
#        "C:\Users\akich\Desktop\ARM\STM32\Blank
#        Examples\LVGL_v9_blank\EWARM\LVGL_v9_blank\Obj\STM32F4xx_HAL_Driver_1244631019742807970.dir\stm32f4xx_hal_sdram.o"
#        "C:\Users\akich\Desktop\ARM\STM32\Blank
#        Examples\LVGL_v9_blank\EWARM\LVGL_v9_blank\Obj\STM32F4xx_HAL_Driver_1244631019742807970.dir\stm32f4xx_hal_sram.o"
#        "C:\Users\akich\Desktop\ARM\STM32\Blank
#        Examples\LVGL_v9_blank\EWARM\LVGL_v9_blank\Obj\STM32F4xx_HAL_Driver_1244631019742807970.dir\stm32f4xx_hal_tim.o"
#        "C:\Users\akich\Desktop\ARM\STM32\Blank
#        Examples\LVGL_v9_blank\EWARM\LVGL_v9_blank\Obj\STM32F4xx_HAL_Driver_1244631019742807970.dir\stm32f4xx_hal_tim_ex.o"
#        "C:\Users\akich\Desktop\ARM\STM32\Blank
#        Examples\LVGL_v9_blank\EWARM\LVGL_v9_blank\Obj\STM32F4xx_HAL_Driver_1244631019742807970.dir\stm32f4xx_hal_uart.o"
#        "C:\Users\akich\Desktop\ARM\STM32\Blank
#        Examples\LVGL_v9_blank\EWARM\LVGL_v9_blank\Obj\Core_13247989168731456611.dir\stm32f4xx_it.o"
#        "C:\Users\akich\Desktop\ARM\STM32\Blank
#        Examples\LVGL_v9_blank\EWARM\LVGL_v9_blank\Obj\STM32F4xx_HAL_Driver_1244631019742807970.dir\stm32f4xx_ll_dma2d.o"
#        "C:\Users\akich\Desktop\ARM\STM32\Blank
#        Examples\LVGL_v9_blank\EWARM\LVGL_v9_blank\Obj\STM32F4xx_HAL_Driver_1244631019742807970.dir\stm32f4xx_ll_fmc.o"
#        "C:\Users\akich\Desktop\ARM\STM32\Blank
#        Examples\LVGL_v9_blank\EWARM\LVGL_v9_blank\Obj\Core_13247989168731456611.dir\sys.o"
#        "C:\Users\akich\Desktop\ARM\STM32\Blank
#        Examples\LVGL_v9_blank\EWARM\LVGL_v9_blank\Obj\CMSIS_6603591812247902717.dir\system_stm32f4xx.o"
#        "C:\Users\akich\Desktop\ARM\STM32\Blank
#        Examples\LVGL_v9_blank\EWARM\LVGL_v9_blank\Obj\Core_13247989168731456611.dir\tim.o"
#        "C:\Users\akich\Desktop\ARM\STM32\Blank
#        Examples\LVGL_v9_blank\EWARM\LVGL_v9_blank\Obj\Core_13247989168731456611.dir\touch.o"
#        "C:\Users\akich\Desktop\ARM\STM32\Blank
#        Examples\LVGL_v9_blank\EWARM\LVGL_v9_blank\Obj\Core_13247989168731456611.dir\usart.o"
#        "C:\Users\akich\Desktop\ARM\STM32\Blank
#        Examples\LVGL_v9_blank\EWARM\LVGL_v9_blank\Obj\others_7705336898721011128.dir\vg_lite_matrix.o"
#        --no_out_extension -o "C:\Users\akich\Desktop\ARM\STM32\Blank
#        Examples\LVGL_v9_blank\EWARM\LVGL_v9_blank\Exe\LVGL_v9_blank.out"
#        --redirect _Printf=_PrintfFullNoMb --redirect _Scanf=_ScanfFullNoMb
#        --map "C:\Users\akich\Desktop\ARM\STM32\Blank
#        Examples\LVGL_v9_blank\EWARM\LVGL_v9_blank\List\LVGL_v9_blank.map"
#        --config "C:\Users\akich\Desktop\ARM\STM32\Blank
#        Examples\LVGL_v9_blank\EWARM/stm32f429xx_flash.icf" --semihosting
#        --entry __iar_program_start --vfe --text_out locale --cpu=Cortex-M4
#        --fpu=VFPv4_sp) --dependencies=n
#        "C:\Users\akich\Desktop\ARM\STM32\Blank
#        Examples\LVGL_v9_blank\EWARM\LVGL_v9_blank\Exe\LVGL_v9_blank.out.iar_deps"
#
###############################################################################

*******************************************************************************
*** RUNTIME MODEL ATTRIBUTES
***

CppFlavor       = *
__CPP_Runtime   = 1
__SystemLibrary = DLib
__dlib_version  = 6


*******************************************************************************
*** HEAP SELECTION
***

The basic heap was selected because no calls to memory allocation
functions were found in the application outside of system library
functions, there are calls to deallocation functions in the
application, and the application appears to be primarily
optimized for speed.


*******************************************************************************
*** PLACEMENT SUMMARY
***

"A0":  place at address 0x800'0000 { ro section .intvec };
"P1":  place in [from 0x800'0000 to 0x81f'ffff] { ro };
define block CSTACK with size = 8K, alignment = 8 { };
define block HEAP with size = 8K, alignment = 8 { };
"P2":  place in [from 0x2000'0000 to 0x2002'ffff] {
          rw, block CSTACK, block HEAP };
initialize by copy { rw };

  Section            Kind         Address  Alignment       Size  Object
  -------            ----         -------  ---------       ----  ------
"A0":                                                     0x1ac
  .intvec            ro code   0x800'0000          4      0x1ac  startup_stm32f429xx.o [3]
                             - 0x800'01ac                 0x1ac

"P1":                                                  0x5'1c01
  .rodata            const     0x800'01ac          4     0xa088  lv_font_montserrat_32.o [8]
  .text              ro code   0x800'a234          4     0x5222  lcd.o [2]
  .text              ro code   0x800'f456          2       0x7e  lz77_init_single.o [23]
  .text              ro code   0x800'f4d4          4       0x70  delay.o [2]
  .text              ro code   0x800'f544          4      0x700  ltdc.o [2]
  .text              ro code   0x800'fc44          4       0x1c  U32ToDbl.o [22]
  .text              ro code   0x800'fc60          4      0x1aa  DblMul.o [22]
  .text              ro code   0x800'fe0a          2        0xa  xsprout.o [21]
  .text              ro code   0x800'fe14          4       0x36  DblToS32.o [22]
  .rodata            const     0x800'fe4a          2        0x2  lv_buttonmatrix.o [20]
  .text              ro code   0x800'fe4c          4      0x21c  stm32f4xx_hal_gpio.o [4]
  .text              ro code   0x801'0068          4       0x5a  stm32f4xx_hal_sram.o [4]
  .rodata            const     0x801'00c2          2        0x2  lv_keyboard.o [20]
  .text              ro code   0x801'00c4          4      0x27a  stm32f4xx_ll_fmc.o [4]
  .rodata            const     0x801'033e          2        0x2  lv_keyboard.o [20]
  .text              ro code   0x801'0340          4      0x254  stm32f4xx_hal_rcc_ex.o [4]
  .text              ro code   0x801'0594          4      0x300  stm32f4xx_hal_ltdc.o [4]
  .text              ro code   0x801'0894          4        0xc  stm32f4xx_hal.o [4]
  .text              ro code   0x801'08a0          4     0x35a4  lv_theme_default.o [18]
  .text              ro code   0x801'3e44          2      0x230  lv_style_gen.o [13]
  .text              ro code   0x801'4074          4      0x306  lv_color.o [13]
  .rodata            const     0x801'437a          2        0x2  lv_keyboard.o [20]
  .text              ro code   0x801'437c          4       0xb0  lv_palette.o [13]
  .text              ro code   0x801'442c          2       0xe8  lv_color_op.o [13]
  .text              ro code   0x801'4514          4       0x96  lv_mem.o [17]
  .rodata            const     0x801'45aa          2        0x2  lv_keyboard.o [20]
  .text              ro code   0x801'45ac          4      0x48a  lv_display.o [6]
  .rodata            const     0x801'4a36          2        0x2  lv_keyboard.o [20]
  .text              ro code   0x801'4a38          4       0xa6  ABImemcpy.o [23]
  .rodata            const     0x801'4ade          2        0x2  lv_keyboard.o [20]
  .text              ro code   0x801'4ae0          4      0x3bc  lv_style.o [13]
  .text              ro code   0x801'4e9c          4     0x17e0  lv_obj_style.o [5]
  .text              ro code   0x801'667c          4      0x6d8  lv_obj_tree.o [5]
  .text              ro code   0x801'6d54          4      0xc06  lv_obj.o [5]
  .rodata            const     0x801'795a          2        0x2  lv_keyboard.o [20]
  .text              ro code   0x801'795c          4      0x5e8  lv_string_builtin.o [17]
  .text              ro code   0x801'7f44          4      0x194  lv_mem_core_builtin.o [17]
  .text              ro code   0x801'80d8          2      0x226  lv_ll.o [13]
  .rodata            const     0x801'82fe          2        0x2  lv_keyboard.o [20]
  .text              ro code   0x801'8300          4       0x44  lv_tick.o [19]
  .text              ro code   0x801'8344          4      0x294  lv_timer.o [13]
  .text              ro code   0x801'85d8          4     0x125c  lv_obj_scroll.o [5]
  .text              ro code   0x801'9834          4     0x1814  lv_obj_pos.o [5]
  .text              ro code   0x801'b048          4      0x180  lv_event.o [13]
  .text              ro code   0x801'b1c8          4      0x3d8  lv_sysmon.o [15]
  .text              ro code   0x801'b5a0          4      0x89c  lv_draw_buf.o [7]
  .text              ro code   0x801'be3c          4      0x320  lv_obj_event.o [5]
  .text              ro code   0x801'c15c          2      0x784  lv_obj_draw.o [5]
  .text              ro code   0x801'c8e0          4      0x654  lv_anim.o [13]
  .text              ro code   0x801'cf34          4     0x16fa  lv_indev.o [9]
  .rodata            const     0x801'e62e          2        0x2  lv_keyboard.o [20]
  .text              ro code   0x801'e630          4       0x70  lv_async.o [13]
  .text              ro code   0x801'e6a0          4      0x238  lv_obj_class.o [5]
  .text              ro code   0x801'e8d8          4      0x3fc  lv_group.o [5]
  .text              ro code   0x801'ecd4          4      0x9d4  lv_area.o [13]
  .text              ro code   0x801'f6a8          4      0x626  lv_draw_rect.o [7]
  .rodata            const     0x801'fcce          2        0x2  lv_keyboard.o [20]
  .text              ro code   0x801'fcd0          4       0x66  ABImemset.o [23]
  .rodata            const     0x801'fd36          2        0x2  lv_keyboard.o [20]
  .text              ro code   0x801'fd38          4      0xb68  lv_tlsf.o [17]
  .text              ro code   0x802'08a0          4      0x274  I64DivMod.o [23]
  .text              ro code   0x802'0b14          2        0x6  lv_os.o [14]
  .text              ro code   0x802'0b1a          2      0x11a  lv_obj_style_gen.o [5]
  .text              ro code   0x802'0c34          4     0x108a  lv_refr.o [5]
  .rodata            const     0x802'1cbe          2        0x2  lv_keyboard.o [20]
  .text              ro code   0x802'1cc0          4       0x50  lv_layout.o [10]
  .text              ro code   0x802'1d10          2      0x138  lv_array.o [13]
  .text              ro code   0x802'1e48          4      0x1b8  lv_observer.o [15]
  .text              ro code   0x802'2000          4     0x1298  lv_label.o [20]
  .text              ro code   0x802'3298          4      0x5e8  lv_draw_image.o [7]
  .text              ro code   0x802'3880          4      0x2ce  lv_math.o [13]
  .rodata            const     0x802'3b4e          2        0x2  lv_keyboard.o [20]
  .text              ro code   0x802'3b50          4      0xd5c  lv_indev_scroll.o [9]
  .text              ro code   0x802'48ac          4       0xba  lv_theme.o [18]
  .rodata            const     0x802'4966          2        0x2  lv_keyboard.o [20]
  .text              ro code   0x802'4968          4      0x476  lv_draw.o [7]
  .rodata            const     0x802'4dde          2        0x2  lv_keyboard.o [20]
  .text              ro code   0x802'4de0          4      0x3e4  lv_image_decoder.o [7]
  .text              ro code   0x802'51c4          4      0x78c  lv_text.o [13]
  .text              ro code   0x802'5950          4      0x690  lv_draw_label.o [7]
  .text              ro code   0x802'5fe0          4        0x2  I64DivZer.o [23]
  .text              ro code   0x802'5fe2          2       0x78  lv_draw_mask.o [7]
  .rodata            const     0x802'605a          2        0x2  lv_keyboard.o [20]
  .text              ro code   0x802'605c          4     0x11e4  lv_draw_sw_mask.o [7]
  .text              ro code   0x802'7240          4      0xb84  lv_flex.o [10]
  .text              ro code   0x802'7dc4          4      0xb1c  lv_grid.o [10]
  .text              ro code   0x802'88e0          4      0x13c  lv_font.o [8]
  .text              ro code   0x802'8a1c          4       0xdc  lv_image_cache.o [13]
  .text              ro code   0x802'8af8          4       0xc4  lv_image_header_cache.o [13]
  .text              ro code   0x802'8bbc          4      0x1c0  lv_cache.o [13]
  .text              ro code   0x802'8d7c          2       0x6e  lv_cache_entry.o [13]
  .rodata            const     0x802'8dea          2        0x2  lv_keyboard.o [20]
  .text              ro code   0x802'8dec          4        0x6  ABImemclr.o [23]
  .rodata            const     0x802'8df2          2        0x2  lv_keyboard.o [20]
  .text              ro code   0x802'8df4          4      0x3b6  lv_fs.o [13]
  .rodata            const     0x802'91aa          2        0x2  lv_keyboard.o [20]
  .text              ro code   0x802'91ac          4      0x7f4  lv_sprintf_builtin.o [17]
  .text              ro code   0x802'99a0          2        0xc  lv_os_none.o [14]
  .rodata            const     0x802'99ac          4     0x2f80  lcd.o [2]
  .rodata            const     0x802'c92c          4     0x2280  lv_font_montserrat_14.o [8]
  .text              ro code   0x802'ebac          4     0x1dd2  lv_draw_sw_blend_to_argb8888.o [7]
  .rodata            const     0x803'097e          2        0x2  lv_keyboard.o [20]
  .text              ro code   0x803'0980          4     0x1be4  lv_draw_sw_blend_to_i1.o [7]
  .text              ro code   0x803'2564          4     0x1b20  lv_draw_sw_blend_to_rgb565.o [7]
  .text              ro code   0x803'4084          4     0x195a  lv_draw_sw_blend_to_rgb888.o [7]
  .rodata            const     0x803'59de          2        0x2  lv_keyboard.o [20]
  .text              ro code   0x803'59e0          4     0x15c6  lv_draw_sw_blend_to_l8.o [7]
  .rodata            const     0x803'6fa6          2        0x2  lv_keyboard.o [20]
  .text              ro code   0x803'6fa8          4     0x1238  lv_chart.o [20]
  .text              ro code   0x803'81e0          2       0xae  lv_draw_line.o [7]
  .rodata            const     0x803'828e          2        0x2  lv_keyboard.o [20]
  .text              ro code   0x803'8290          4     0x11ec  lv_draw_sw_blend_to_al88.o [7]
  .text              ro code   0x803'947c          4     0x1090  lv_draw_sw_box_shadow.o [7]
  .text              ro code   0x803'a50c          4      0x274  lv_draw_sw_blend.o [7]
  .text              ro code   0x803'a780          4      0xfd6  lv_scale.o [20]
  .rodata            const     0x803'b756          2        0x2  lv_keyboard.o [20]
  .text              ro code   0x803'b758          4      0x454  lv_draw_arc.o [7]
  .text              ro code   0x803'bbac          4      0xfc0  lv_textarea.o [20]
  .text              ro code   0x803'cb6c          4      0xed8  touch.o [2]
  .text              ro code   0x803'da44          4      0x126  24cxx.o [2]
  .rodata            const     0x803'db6a          2        0x2  lv_keyboard.o [20]
  .text              ro code   0x803'db6c          4       0x40  sprintf.o [21]
  .text              ro code   0x803'dbac          4       0x22  S32ToDbl.o [22]
  .rodata            const     0x803'dbce          2        0x2  lv_keyboard.o [20]
  .text              ro code   0x803'dbd0          4      0x246  DblDiv.o [22]
  .rodata            const     0x803'de16          2        0x2  lv_keyboard.o [20]
  .text              ro code   0x803'de18          4       0x34  DblCmpLe.o [22]
  .text              ro code   0x803'de4c          4       0x34  DblCmpGe.o [22]
  .text              ro code   0x803'de80          4      0x480  gt9xxx.o [2]
  .text              ro code   0x803'e300          4      0x358  ft5206.o [2]
  .text              ro code   0x803'e658          4      0x388  myiic.o [2]
  .text              ro code   0x803'e9e0          4      0xece  xprintffull_nomb.o [21]
  .rodata            const     0x803'f8ae          2        0x2  lv_keyboard.o [20]
  .text              ro code   0x803'f8b0          4      0x3cc  ctiic.o [2]
  .text              ro code   0x803'fc7c          4       0xb0  strcmp_fast.o [23]
  .text              ro code   0x803'fd2c          4       0x16  strchr.o [23]
  .rodata            const     0x803'fd42          2        0x2  lv_keyboard.o [20]
  .text              ro code   0x803'fd44          4       0x40  xfail_s.o [21]
  .text              ro code   0x803'fd84          4       0x36  strlen.o [23]
  .rodata            const     0x803'fdba          2        0x2  lv_keyboard.o [20]
  .text              ro code   0x803'fdbc          4       0x58  memchr.o [23]
  .text              ro code   0x803'fe14          4       0x70  frexp.o [22]
  .text              ro code   0x803'fe84          4      0x13a  ldexp.o [22]
  .rodata            const     0x803'ffbe          2        0x2  lv_keyboard.o [20]
  .text              ro code   0x803'ffc0          4      0x24e  DblAddSub.o [22]
  .rodata            const     0x804'020e          2        0x2  lv_keyboard.o [20]
  .text              ro code   0x804'0210          4       0x22  DblToU32.o [22]
  .rodata            const     0x804'0232          2        0x2  lv_keyboard.o [20]
  .text              ro code   0x804'0234          4        0x8  xlocale_c.o [21]
  .text              ro code   0x804'023c          2        0x6  abort.o [21]
  .rodata            const     0x804'0242          2        0x2  lv_keyboard.o [20]
  .text              ro code   0x804'0244          4       0x14  exit.o [24]
  .text              ro code   0x804'0258          4      0xe88  lv_buttonmatrix.o [20]
  .text              ro code   0x804'10e0          4      0xe00  lv_draw_sw_transform.o [7]
  .text              ro code   0x804'1ee0          4      0xd32  lv_arc.o [20]
  .rodata            const     0x804'2c12          2        0x2  lv_keyboard.o [20]
  .text              ro code   0x804'2c14          4      0xd00  lv_dropdown.o [20]
  .text              ro code   0x804'3914          4      0xbfe  lv_roller.o [20]
  .rodata            const     0x804'4512          2        0x2  lv_keyboard.o [20]
  .rodata            const     0x804'4514          4      0xbb0  lv_font_montserrat_14.o [8]
  .rodata            const     0x804'50c4          4      0xbb0  lv_font_montserrat_32.o [8]
  .text              ro code   0x804'5c74          4      0xb2c  lv_table.o [20]
  .text              ro code   0x804'67a0          4      0x9ce  lv_image.o [20]
  .rodata            const     0x804'716e          2        0x2  lv_keyboard.o [20]
  .text              ro code   0x804'7170          4      0x956  lv_slider.o [20]
  .rodata            const     0x804'7ac6          2        0x2  lv_keyboard.o [20]
  .text              ro code   0x804'7ac8          4      0x7a4  lv_bar.o [20]
  .text              ro code   0x804'826c          4      0x87e  lv_bin_decoder.o [11]
  .rodata            const     0x804'8aea          2        0x2  lv_keyboard.o [20]
  .text              ro code   0x804'8aec          4      0x684  lv_draw_sw_img.o [7]
  .text              ro code   0x804'9170          4      0x640  lv_draw_sw_line.o [7]
  .text              ro code   0x804'97b0          4      0x51c  lv_draw_sw_fill.o [7]
  .text              ro code   0x804'9ccc          2      0x20c  lv_draw_sw_gradient.o [7]
  .text              ro code   0x804'9ed8          4      0x606  lv_draw_sw_arc.o [7]
  .rodata            const     0x804'a4de          2        0x2  lv_keyboard.o [20]
  .text              ro code   0x804'a4e0          4      0x53e  lv_draw_sw_border.o [7]
  .rodata            const     0x804'aa1e          2        0x2  lv_keyboard.o [20]
  .text              ro code   0x804'aa20          4      0x510  lv_calendar.o [20]
  .rodata            const     0x804'af30          4      0x4f0  lv_font_montserrat_14.o [8]
  .rodata            const     0x804'b420          4      0x4f0  lv_font_montserrat_32.o [8]
  .text              ro code   0x804'b910          4      0x4b4  lv_spinbox.o [20]
  .text              ro code   0x804'bdc4          4       0x3a  ABImemset48.o [23]
  .rodata            const     0x804'bdfe          2        0x2  lv_keyboard.o [20]
  .text              ro code   0x804'be00          4      0x44c  lv_font_fmt_txt.o [8]
  .text              ro code   0x804'c24c          4       0x48  lv_utils.o [13]
  .text              ro code   0x804'c294          4      0x42c  lv_menu.o [20]
  .text              ro code   0x804'c6c0          4       0x32  lv_button.o [20]
  .rodata            const     0x804'c6f2          2        0x2  lv_keyboard.o [20]
  .text              ro code   0x804'c6f4          4      0x41a  lv_draw_sw_triangle.o [7]
  .rodata            const     0x804'cb0e          2        0x2  lv_keyboard.o [20]
  .text              ro code   0x804'cb10          4      0x3da  lv_rb.o [13]
  .rodata            const     0x804'ceea          2        0x2  lv_keyboard.o [20]
  .text              ro code   0x804'ceec          4      0x35c  stm32f4xx_hal_rcc.o [4]
  .text              ro code   0x804'd248          4      0x338  lv_cache_lru_rb.o [13]
  .text              ro code   0x804'd580          4      0x330  lv_checkbox.o [20]
  .text              ro code   0x804'd8b0          4      0x320  lv_keyboard.o [20]
  .text              ro code   0x804'dbd0          4      0x310  lv_led.o [20]
  .text              ro code   0x804'dee0          4      0x304  stm32f4xx_hal_tim.o [4]
  .text              ro code   0x804'e1e4          4       0xa0  tim.o [2]
  .text              ro code   0x804'e284          2        0x2  stm32f4xx_hal_tim.o [4]
  .text              ro code   0x804'e286          2        0x2  stm32f4xx_hal_tim.o [4]
  .text              ro code   0x804'e288          2        0x2  stm32f4xx_hal_tim.o [4]
  .text              ro code   0x804'e28a          2        0x2  stm32f4xx_hal_tim_ex.o [4]
  .text              ro code   0x804'e28c          2        0x2  stm32f4xx_hal_tim.o [4]
  .text              ro code   0x804'e28e          2        0x2  stm32f4xx_hal_tim_ex.o [4]
  .text              ro code   0x804'e290          4      0x140  main.o [2]
  .text              ro code   0x804'e3d0          4       0x94  stm32f4xx_hal_tim_ex.o [4]
  .text              ro code   0x804'e464          4       0xb4  stm32f4xx_hal_cortex.o [4]
  .text              ro code   0x804'e518          4       0x38  stm32f4xx_hal.o [4]
  .text              ro code   0x804'e550          4       0x54  led.o [2]
  .text              ro code   0x804'e5a4          4       0xa0  key.o [2]
  .text              ro code   0x804'e644          4      0x1ec  sdram.o [2]
  .text              ro code   0x804'e830          4       0xac  lv_init.o [12]
  .text              ro code   0x804'e8dc          4       0x6a  lv_port_disp.o [16]
  .rodata            const     0x804'e946          2        0x2  lv_keyboard.o [20]
  .text              ro code   0x804'e948          4       0x60  lv_port_indev.o [16]
  .text              ro code   0x804'e9a8          4       0x50  gpio.o [2]
  .text              ro code   0x804'e9f8          4       0xac  usart.o [2]
  .text              ro code   0x804'eaa4          4       0x78  stm32f4xx_hal_pwr_ex.o [4]
  .text              ro code   0x804'eb1c          4      0x15c  stm32f4xx_hal_rcc.o [4]
  .text              ro code   0x804'ec78          4       0x48  stm32f4xx_hal.o [4]
  .text              ro code   0x804'ecc0          4       0x38  stm32f4xx_hal_msp.o [2]
  .text              ro code   0x804'ecf8          4       0xb4  stm32f4xx_hal_sdram.o [4]
  .text              ro code   0x804'edac          4       0x20  lv_span.o [20]
  .text              ro code   0x804'edcc          4      0x176  lv_draw_sw.o [7]
  .rodata            const     0x804'ef42          2        0x2  lv_keyboard.o [20]
  .text              ro code   0x804'ef44          4      0x140  stm32f4xx_hal_uart.o [4]
  .text              ro code   0x804'f084          4       0x60  stm32f4xx_hal_rcc.o [4]
  .text              ro code   0x804'f0e4          4      0x1e2  lv_draw_sw_mask_rect.o [7]
  .rodata            const     0x804'f2c6          2        0x2  lv_keyboard.o [20]
  .text              ro code   0x804'f2c8          4       0xde  lv_draw_sw_letter.o [7]
  .rodata            const     0x804'f3a6          2        0x2  lv_keyboard.o [20]
  .text              ro code   0x804'f3a8          4      0x2b4  lv_switch.o [20]
  .text              ro code   0x804'f65c          4      0x2ac  lv_tabview.o [20]
  .rodata            const     0x804'f908          4      0x298  lv_calendar_header_dropdown.o [20]
  .text              ro code   0x804'fba0          4      0x218  lv_line.o [20]
  .text              ro code   0x804'fdb8          4      0x1a8  lv_calendar_header_arrow.o [20]
  .text              ro code   0x804'ff60          4      0x190  lv_calendar_header_dropdown.o [20]
  .rodata            const     0x805'00f0          4      0x120  lv_palette.o [13]
  .text              ro code   0x805'0210          4      0x104  lv_tileview.o [20]
  .rodata            const     0x805'0314          4       0xe4  lv_palette.o [13]
  .text              ro code   0x805'03f8          4       0xc8  lv_spinner.o [20]
  .rodata            const     0x805'04c0          4       0xb8  lv_math.o [13]
  .rodata            const     0x805'0578          4       0xb0  lv_keyboard.o [20]
  .rodata            const     0x805'0628          4       0xb0  lv_keyboard.o [20]
  .rodata            const     0x805'06d8          4       0xb0  lv_keyboard.o [20]
  .rodata            const     0x805'0788          4       0xa0  lv_font_montserrat_14.o [8]
  .rodata            const     0x805'0828          4       0xa0  lv_font_montserrat_14.o [8]
  .rodata            const     0x805'08c8          4       0xa0  lv_font_montserrat_32.o [8]
  .rodata            const     0x805'0968          4       0xa0  lv_font_montserrat_32.o [8]
  .rodata            const     0x805'0a08          4       0x90  lv_style.o [13]
  .text              ro code   0x805'0a98          4       0x80  lv_win.o [20]
  .rodata            const     0x805'0b18          4       0x7c  lv_font_montserrat_14.o [8]
  .rodata            const     0x805'0b94          4       0x7c  lv_font_montserrat_32.o [8]
  .rodata            const     0x805'0c10          4       0x7c  touch.o [2]
  .rodata            const     0x805'0c8c          4       0x6c  lv_msgbox.o [20]
  .rodata            const     0x805'0cf8          4       0x54  lv_keyboard.o [20]
  .rodata            const     0x805'0d4c          4       0x54  lv_roller.o [20]
  .rodata            const     0x805'0da0          4       0x50  lv_keyboard.o [20]
  .rodata            const     0x805'0df0          4       0x50  lv_keyboard.o [20]
  .rodata            const     0x805'0e40          4       0x50  lv_keyboard.o [20]
  .rodata            const     0x805'0e90          4       0x48  lv_menu.o [20]
  .rodata            const     0x805'0ed8          4       0x48  lv_menu.o [20]
  .rodata            const     0x805'0f20          4       0x48  lv_msgbox.o [20]
  .rodata            const     0x805'0f68          4       0x3c  lv_palette.o [13]
  .text              ro code   0x805'0fa4          2       0x38  zero_init3.o [23]
  .rodata            const     0x805'0fdc          4       0x30  lv_sysmon.o [15]
  .rodata            const     0x805'100c          4       0x2c  lv_keyboard.o [20]
  .rodata            const     0x805'1038          4       0x28  lv_cache_lru_rb.o [13]
  .rodata            const     0x805'1060          4       0x28  lv_cache_lru_rb.o [13]
  .rodata            const     0x805'1088          4       0x28  lv_font_montserrat_14.o [8]
  .rodata            const     0x805'10b0          4       0x28  lv_font_montserrat_32.o [8]
  .text              ro code   0x805'10d8          4       0x28  data_init.o [23]
  .rodata            const     0x805'1100          4       0x24  lv_arc.o [20]
  .rodata            const     0x805'1124          4       0x24  lv_bar.o [20]
  .rodata            const     0x805'1148          4       0x24  lv_button.o [20]
  .rodata            const     0x805'116c          4       0x24  lv_buttonmatrix.o [20]
  .rodata            const     0x805'1190          4       0x24  lv_calendar.o [20]
  .rodata            const     0x805'11b4          4       0x24  lv_calendar_header_arrow.o [20]
  .rodata            const     0x805'11d8          4       0x24  lv_calendar_header_dropdown.o [20]
  .rodata            const     0x805'11fc          4       0x24  lv_chart.o [20]
  .rodata            const     0x805'1220          4       0x24  lv_checkbox.o [20]
  .rodata            const     0x805'1244          4       0x24  lv_draw_sw_line.o [7]
  .rodata            const     0x805'1268          4       0x24  lv_dropdown.o [20]
  .rodata            const     0x805'128c          4       0x24  lv_dropdown.o [20]
  .rodata            const     0x805'12b0          4       0x24  lv_font_montserrat_14.o [8]
  .rodata            const     0x805'12d4          4       0x24  lv_font_montserrat_32.o [8]
  .rodata            const     0x805'12f8          4       0x24  lv_image.o [20]
  .rodata            const     0x805'131c          4       0x24  lv_keyboard.o [20]
  .rodata            const     0x805'1340          4       0x24  lv_keyboard.o [20]
  .rodata            const     0x805'1364          4       0x24  lv_label.o [20]
  .rodata            const     0x805'1388          4       0x24  lv_led.o [20]
  .rodata            const     0x805'13ac          4       0x24  lv_line.o [20]
  .rodata            const     0x805'13d0          4       0x24  lv_list.o [20]
  .rodata            const     0x805'13f4          4       0x24  lv_list.o [20]
  .rodata            const     0x805'1418          4       0x24  lv_list.o [20]
  .rodata            const     0x805'143c          4       0x24  lv_menu.o [20]
  .rodata            const     0x805'1460          4       0x24  lv_menu.o [20]
  .rodata            const     0x805'1484          4       0x24  lv_menu.o [20]
  .rodata            const     0x805'14a8          4       0x24  lv_menu.o [20]
  .rodata            const     0x805'14cc          4       0x24  lv_menu.o [20]
  .rodata            const     0x805'14f0          4       0x24  lv_msgbox.o [20]
  .rodata            const     0x805'1514          4       0x24  lv_msgbox.o [20]
  .rodata            const     0x805'1538          4       0x24  lv_obj.o [5]
  .rodata            const     0x805'155c          4       0x24  lv_roller.o [20]
  .rodata            const     0x805'1580          4       0x24  lv_scale.o [20]
  .rodata            const     0x805'15a4          4       0x24  lv_slider.o [20]
  .rodata            const     0x805'15c8          4       0x24  lv_spinbox.o [20]
  .rodata            const     0x805'15ec          4       0x24  lv_spinner.o [20]
  .rodata            const     0x805'1610          4       0x24  lv_switch.o [20]
  .rodata            const     0x805'1634          4       0x24  lv_sysmon.o [15]
  .rodata            const     0x805'1658          4       0x24  lv_table.o [20]
  .rodata            const     0x805'167c          4       0x24  lv_tabview.o [20]
  .rodata            const     0x805'16a0          4       0x24  lv_textarea.o [20]
  .rodata            const     0x805'16c4          4       0x24  lv_tileview.o [20]
  .rodata            const     0x805'16e8          4       0x24  lv_tileview.o [20]
  .rodata            const     0x805'170c          4       0x24  lv_win.o [20]
  .text              ro code   0x805'1730          4       0x22  fpinit_M.o [22]
  .iar.init_table    const     0x805'1754          4       0x28  - Linker created -
  .rodata            const     0x805'177c          2        0x2  lv_keyboard.o [20]
  .text              ro code   0x805'1780          4       0x20  stm32f4xx_it.o [2]
  .text              ro code   0x805'17a0          4       0x10  stm32f4xx_hal.o [4]
  .text              ro code   0x805'17b0          4       0x20  system_stm32f4xx.o [1]
  .text              ro code   0x805'17d0          4       0x1e  cmain.o [23]
  .text              ro code   0x805'17ee          2        0x4  low_level_init.o [21]
  .text              ro code   0x805'17f2          2        0x4  exit.o [21]
  .rodata            const     0x805'17f6          2        0x2  lv_keyboard.o [20]
  .text              ro code   0x805'17f8          4        0xa  cexit.o [23]
  .rodata            const     0x805'1802          2        0x2  lv_keyboard.o [20]
  .rodata            const     0x805'1804          4       0x1c  lv_calendar_header_dropdown.o [20]
  .text              ro code   0x805'1820          4       0x1c  cstartup_M.o [23]
  .rodata            const     0x805'183c          4       0x18  lv_calendar_header_arrow.o [20]
  .rodata            const     0x805'1854          4       0x18  lv_msgbox.o [20]
  .rodata            const     0x805'186c          4       0x18  lv_msgbox.o [20]
  .rodata            const     0x805'1884          4       0x14  lv_font_montserrat_14.o [8]
  .rodata            const     0x805'1898          4       0x14  lv_font_montserrat_32.o [8]
  .rodata            const     0x805'18ac          4       0x10  lv_dropdown.o [20]
  .rodata            const     0x805'18bc          4       0x10  lv_font_montserrat_14.o [8]
  .rodata            const     0x805'18cc          4       0x10  lv_font_montserrat_32.o [8]
  .rodata            const     0x805'18dc          4       0x10  lv_menu.o [20]
  .rodata            const     0x805'18ec          4       0x10  lv_menu.o [20]
  .rodata            const     0x805'18fc          4       0x10  lv_msgbox.o [20]
  .rodata            const     0x805'190c          4       0x10  lv_msgbox.o [20]
  .rodata            const     0x805'191c          4       0x10  lv_msgbox.o [20]
  .rodata            const     0x805'192c          4       0x10  lv_msgbox.o [20]
  .rodata            const     0x805'193c          4       0x10  lv_roller.o [20]
  .text              ro code   0x805'194c          4       0x10  startup_stm32f429xx.o [3]
  .rodata            const     0x805'195c          4        0xc  lv_buttonmatrix.o [20]
  .rodata            const     0x805'1968          4        0xc  lv_calendar.o [20]
  .rodata            const     0x805'1974          4        0xc  lv_calendar_header_arrow.o [20]
  .rodata            const     0x805'1980          4        0xc  lv_calendar_header_arrow.o [20]
  .rodata            const     0x805'198c          4        0xc  lv_calendar_header_arrow.o [20]
  .rodata            const     0x805'1998          4        0xc  lv_calendar_header_arrow.o [20]
  .rodata            const     0x805'19a4          4        0xc  lv_checkbox.o [20]
  .rodata            const     0x805'19b0          4        0xc  lv_dropdown.o [20]
  .rodata            const     0x805'19bc          4        0xc  lv_keyboard.o [20]
  .rodata            const     0x805'19c8          4        0xc  lv_list.o [20]
  .rodata            const     0x805'19d4          4        0xc  lv_list.o [20]
  .rodata            const     0x805'19e0          4        0xc  lv_menu.o [20]
  .rodata            const     0x805'19ec          4        0xc  lv_menu.o [20]
  .rodata            const     0x805'19f8          4        0xc  lv_textarea.o [20]
  .rodata            const     0x805'1a04          4        0xc  lv_theme_default.o [18]
  .rodata            const     0x805'1a10          4        0xc  lv_tileview.o [20]
  .rodata            const     0x805'1a1c          4        0x8  lv_buttonmatrix.o [20]
  .rodata            const     0x805'1a24          4        0x8  lv_buttonmatrix.o [20]
  .rodata            const     0x805'1a2c          4        0x8  lv_buttonmatrix.o [20]
  .rodata            const     0x805'1a34          4        0x8  lv_buttonmatrix.o [20]
  .rodata            const     0x805'1a3c          4        0x8  lv_buttonmatrix.o [20]
  .rodata            const     0x805'1a44          4        0x8  lv_calendar_header_arrow.o [20]
  .rodata            const     0x805'1a4c          4        0x8  lv_calendar_header_arrow.o [20]
  .rodata            const     0x805'1a54          4        0x8  lv_calendar_header_arrow.o [20]
  .rodata            const     0x805'1a5c          4        0x8  lv_calendar_header_arrow.o [20]
  .rodata            const     0x805'1a64          4        0x8  lv_calendar_header_arrow.o [20]
  .rodata            const     0x805'1a6c          4        0x8  lv_calendar_header_arrow.o [20]
  .rodata            const     0x805'1a74          4        0x8  lv_calendar_header_arrow.o [20]
  .rodata            const     0x805'1a7c          4        0x8  lv_chart.o [20]
  .rodata            const     0x805'1a84          4        0x8  lv_image.o [20]
  .rodata            const     0x805'1a8c          4        0x8  lv_label.o [20]
  .rodata            const     0x805'1a94          4        0x8  lv_line.o [20]
  .rodata            const     0x805'1a9c          4        0x8  lv_list.o [20]
  .rodata            const     0x805'1aa4          4        0x8  lv_menu.o [20]
  .rodata            const     0x805'1aac          4        0x8  lv_msgbox.o [20]
  .rodata            const     0x805'1ab4          4        0x8  lv_roller.o [20]
  .rodata            const     0x805'1abc          4        0x8  lv_scale.o [20]
  .rodata            const     0x805'1ac4          4        0x8  lv_slider.o [20]
  .rodata            const     0x805'1acc          4        0x8  lv_spinbox.o [20]
  .rodata            const     0x805'1ad4          4        0x8  lv_spinner.o [20]
  .rodata            const     0x805'1adc          4        0x8  lv_switch.o [20]
  .rodata            const     0x805'1ae4          4        0x8  lv_table.o [20]
  .rodata            const     0x805'1aec          4        0x8  lv_tabview.o [20]
  .rodata            const     0x805'1af4          4        0x8  lv_tileview.o [20]
  .rodata            const     0x805'1afc          4        0x8  system_stm32f4xx.o [1]
  .rodata            const     0x805'1b04          4        0x4  lv_arc.o [20]
  .rodata            const     0x805'1b08          4        0x4  lv_bar.o [20]
  .rodata            const     0x805'1b0c          4        0x4  lv_button.o [20]
  .rodata            const     0x805'1b10          4        0x4  lv_calendar.o [20]
  .rodata            const     0x805'1b14          4        0x4  lv_calendar.o [20]
  .rodata            const     0x805'1b18          4        0x4  lv_calendar.o [20]
  .rodata            const     0x805'1b1c          4        0x4  lv_calendar.o [20]
  .rodata            const     0x805'1b20          4        0x4  lv_calendar.o [20]
  .rodata            const     0x805'1b24          4        0x4  lv_calendar.o [20]
  .rodata            const     0x805'1b28          4        0x4  lv_calendar.o [20]
  .rodata            const     0x805'1b2c          4        0x4  lv_calendar_header_arrow.o [20]
  .rodata            const     0x805'1b30          4        0x4  lv_led.o [20]
  .rodata            const     0x805'1b34          4        0x4  lv_obj.o [5]
  .rodata            const     0x805'1b38          4        0x4  lv_text.o [13]
  .rodata            const     0x805'1b3c          4        0x4  lv_text.o [13]
  .rodata            const     0x805'1b40          4        0x4  lv_text.o [13]
  .rodata            const     0x805'1b44          4        0x4  lv_text.o [13]
  .rodata            const     0x805'1b48          4        0x4  lv_text.o [13]
[...]
lv_tabview_class         0x805'167c       0x24  Data  Gb  lv_tabview.o [20]
lv_tabview_constructor   0x804'f735       0xd2  Code  Lc  lv_tabview.o [20]
lv_tabview_event         0x804'f807       0x32  Code  Lc  lv_tabview.o [20]
lv_tabview_set_active    0x804'f65d       0xd8  Code  Gb  lv_tabview.o [20]
lv_text_cut              0x802'5639       0x42  Code  Gb  lv_text.o [13]
lv_text_encoded_get_byte_id
                         0x805'1b48        0x4  Data  Gb  lv_text.o [13]
lv_text_encoded_get_char_id
                         0x805'1b4c        0x4  Data  Gb  lv_text.o [13]
lv_text_encoded_letter_next_2
                         0x802'56ad       0x26  Code  Gb  lv_text.o [13]
lv_text_encoded_next     0x805'1b40        0x4  Data  Gb  lv_text.o [13]
lv_text_encoded_prev     0x805'1b44        0x4  Data  Gb  lv_text.o [13]
lv_text_encoded_size     0x805'1b38        0x4  Data  Gb  lv_text.o [13]
lv_text_get_encoded_length
                         0x805'1b50        0x4  Data  Gb  lv_text.o [13]
lv_text_get_next_line    0x802'5291      0x2d8  Code  Gb  lv_text.o [13]
lv_text_get_size         0x802'51c5       0xcc  Code  Gb  lv_text.o [13]
lv_text_get_width        0x802'5571       0x6e  Code  Gb  lv_text.o [13]
lv_text_ins              0x802'55e1       0x58  Code  Gb  lv_text.o [13]
lv_text_set_text_vfmt    0x802'567b       0x32  Code  Gb  lv_text.o [13]
lv_text_unicode_to_encoded
                         0x805'1b3c        0x4  Data  Gb  lv_text.o [13]
lv_text_unicode_to_utf8
                         0x802'5705       0xac  Code  Lc  lv_text.o [13]
lv_text_utf8_get_byte_id
                         0x802'58b5       0x42  Code  Lc  lv_text.o [13]
lv_text_utf8_get_char_id
                         0x802'58f7       0x26  Code  Lc  lv_text.o [13]
lv_text_utf8_get_length
                         0x802'591d       0x26  Code  Lc  lv_text.o [13]
lv_text_utf8_next        0x802'57b1       0xba  Code  Lc  lv_text.o [13]
lv_text_utf8_prev        0x802'586b       0x4a  Code  Lc  lv_text.o [13]
lv_text_utf8_size        0x802'56d3       0x32  Code  Lc  lv_text.o [13]
lv_textarea_add_char     0x803'bbbf      0x11c  Code  Gb  lv_textarea.o [20]
lv_textarea_add_text     0x803'bcdb      0x104  Code  Gb  lv_textarea.o [20]
lv_textarea_class        0x805'16a0       0x24  Data  Gb  lv_textarea.o [20]
lv_textarea_clear_selection
                         0x803'c153       0x38  Code  Gb  lv_textarea.o [20]
lv_textarea_constructor
                         0x803'c24f       0xa2  Code  Lc  lv_textarea.o [20]
lv_textarea_cursor_down
                         0x803'c19f       0x5e  Code  Gb  lv_textarea.o [20]
lv_textarea_cursor_left
                         0x803'c191        0xe  Code  Gb  lv_textarea.o [20]
lv_textarea_cursor_right
                         0x803'c18b        0x6  Code  Gb  lv_textarea.o [20]
lv_textarea_cursor_up    0x803'c1fd       0x52  Code  Gb  lv_textarea.o [20]
lv_textarea_delete_char
                         0x803'bde1       0xba  Code  Gb  lv_textarea.o [20]
lv_textarea_delete_char_forward
                         0x803'be9f       0x22  Code  Gb  lv_textarea.o [20]
lv_textarea_destructor   0x803'c30d       0x2a  Code  Lc  lv_textarea.o [20]
lv_textarea_event        0x803'c337      0x464  Code  Lc  lv_textarea.o [20]
lv_textarea_get_cursor_pos
                         0x803'c113        0x4  Code  Gb  lv_textarea.o [20]
lv_textarea_get_one_line
                         0x803'c147        0xc  Code  Gb  lv_textarea.o [20]
lv_textarea_get_password_bullet
                         0x803'c117       0x30  Code  Gb  lv_textarea.o [20]
lv_textarea_get_text     0x803'c0fd       0x16  Code  Gb  lv_textarea.o [20]
lv_textarea_set_cursor_click_pos
                         0x803'c05f       0x14  Code  Gb  lv_textarea.o [20]
lv_textarea_set_cursor_pos
                         0x803'bf83       0xdc  Code  Gb  lv_textarea.o [20]
lv_textarea_set_one_line
                         0x803'c073       0x84  Code  Gb  lv_textarea.o [20]
lv_textarea_set_text     0x803'bec1       0xc2  Code  Gb  lv_textarea.o [20]
lv_theme_apply           0x802'48ad       0x30  Code  Gb  lv_theme.o [18]
lv_theme_default_get     0x801'2ee9       0x14  Code  Gb  lv_theme_default.o [18]
lv_theme_default_init    0x801'0919     0x25d0  Code  Gb  lv_theme_default.o [18]
lv_theme_default_is_inited
                         0x801'2efd        0xe  Code  Gb  lv_theme_default.o [18]
lv_theme_get_color_primary
                         0x802'48dd       0x36  Code  Gb  lv_theme.o [18]
lv_tick_elaps            0x801'8335        0xc  Code  Gb  lv_tick.o [19]
lv_tick_get              0x801'8315       0x20  Code  Gb  lv_tick.o [19]
lv_tick_inc              0x801'8301       0x14  Code  Gb  lv_tick.o [19]
lv_tileview_class        0x805'16c4       0x24  Data  Gb  lv_tileview.o [20]
lv_tileview_constructor
                         0x805'0211       0x38  Code  Lc  lv_tileview.o [20]
lv_tileview_tile_class   0x805'16e8       0x24  Data  Gb  lv_tileview.o [20]
lv_tileview_tile_constructor
                         0x805'0249       0x18  Code  Lc  lv_tileview.o [20]
lv_timer_core_init       0x801'8345       0x1c  Code  Gb  lv_timer.o [13]
lv_timer_create          0x801'84eb       0x4e  Code  Gb  lv_timer.o [13]
lv_timer_delete          0x801'8539       0x24  Code  Gb  lv_timer.o [13]
lv_timer_get_idle        0x801'858f        0x8  Code  Gb  lv_timer.o [13]
lv_timer_get_next        0x801'8597       0x18  Code  Gb  lv_timer.o [13]
lv_timer_get_paused      0x801'85b3        0x8  Code  Gb  lv_timer.o [13]
lv_timer_get_user_data   0x801'85af        0x4  Code  Gb  lv_timer.o [13]
lv_timer_handler         0x801'8361      0x18a  Code  Gb  lv_timer.o [13]
lv_timer_handler_resume
                         0x801'85bb       0x18  Code  Lc  lv_timer.o [13]
lv_timer_pause           0x801'855d        0xe  Code  Gb  lv_timer.o [13]
lv_timer_ready           0x801'8579       0x16  Code  Gb  lv_timer.o [13]
lv_timer_resume          0x801'856b        0xe  Code  Gb  lv_timer.o [13]
lv_tlsf_add_pool         0x802'0659       0x48  Code  Gb  lv_tlsf.o [17]
lv_tlsf_block_size       0x802'0645       0x10  Code  Gb  lv_tlsf.o [17]
lv_tlsf_create           0x802'06a1       0x40  Code  Gb  lv_tlsf.o [17]
lv_tlsf_create_with_pool
                         0x802'06e1       0x1e  Code  Gb  lv_tlsf.o [17]
lv_tlsf_free             0x802'0737       0x72  Code  Gb  lv_tlsf.o [17]
lv_tlsf_get_pool         0x802'06ff        0x6  Code  Gb  lv_tlsf.o [17]
lv_tlsf_malloc           0x802'0705       0x32  Code  Gb  lv_tlsf.o [17]
lv_tlsf_realloc          0x802'07a9       0xf8  Code  Gb  lv_tlsf.o [17]
lv_tlsf_walk_pool        0x802'05f5       0x50  Code  Gb  lv_tlsf.o [17]
lv_trigo_cos             0x802'3b49        0x6  Code  Gb  lv_math.o [13]
lv_trigo_sin             0x802'3881       0xa2  Code  Gb  lv_math.o [13]
lv_unlock                0x802'0b19        0x2  Code  Gb  lv_os.o [14]
lv_utils_bsearch         0x804'c24d       0x48  Code  Gb  lv_utils.o [13]
lv_vsnprintf             0x802'9983       0x16  Code  Gb  lv_sprintf_builtin.o [17]
lv_vsnprintf_inner       0x802'945d      0x50a  Code  Lc  lv_sprintf_builtin.o [17]
lv_win_class             0x805'170c       0x24  Data  Gb  lv_win.o [20]
lv_win_constructor       0x805'0a99       0x7a  Code  Lc  lv_win.o [20]
main                     0x804'e291       0x6c  Code  Gb  main.o [2]
make_one_button_checked
                         0x804'1069       0x5a  Code  Lc  lv_buttonmatrix.o [20]
mem_observer_cb          0x801'b531       0x56  Code  Lc  lv_sysmon.o [15]
mem_update_timer_cb      0x801'b515       0x18  Code  Lc  lv_sysmon.o [15]
memchr                   0x803'fdbd             Code  Gb  memchr.o [23]
month_event_cb           0x804'fe95       0x74  Code  Lc  lv_calendar_header_arrow.o [20]
month_event_cb           0x804'ffe9       0x34  Code  Lc  lv_calendar_header_dropdown.o [20]
month_names_def         0x2000'0080       0x30  Data  Lc  lv_calendar_header_arrow.o [20]
my_constructor           0x804'fdb9       0xda  Code  Lc  lv_calendar_header_arrow.o [20]
my_constructor           0x804'ff61       0x88  Code  Lc  lv_calendar_header_dropdown.o [20]
obj_delete_core          0x801'6b05      0x248  Code  Lc  lv_obj_tree.o [5]
opa2_table               0x804'c248        0x4  Data  Lc  lv_font_fmt_txt.o [8]
opa4_table               0x804'c238       0x10  Data  Lc  lv_font_fmt_txt.o [8]
overwrite_anim_property
                         0x802'2bf9       0x3e  Code  Lc  lv_label.o [20]
perf_monitor_disp_event_cb
                         0x801'b31d       0xf4  Code  Lc  lv_sysmon.o [15]
perf_observer_cb         0x801'b4e5       0x2e  Code  Lc  lv_sysmon.o [15]
perf_update_timer_cb     0x801'b411       0xd2  Code  Lc  lv_sysmon.o [15]
pointer_search_obj       0x801'e495       0x46  Code  Lc  lv_indev.o [9]
position_to_selected     0x804'389f       0x58  Code  Lc  lv_dropdown.o [20]
pwd_char_hider           0x803'c83f       0x7a  Code  Lc  lv_textarea.o [20]
pwd_char_hider_anim      0x803'c83b        0x2  Code  Lc  lv_textarea.o [20]
pwd_char_hider_anim_completed
                         0x803'c83d        0x2  Code  Lc  lv_textarea.o [20]
rb_delete_color          0x804'cde3      0x108  Code  Lc  lv_rb.o [13]
rb_left_rotate           0x804'cdb7       0x2c  Code  Lc  lv_rb.o [13]
rb_right_rotate          0x804'cd8b       0x2c  Code  Lc  lv_rb.o [13]
refr_area_part           0x802'167d      0x1cc  Code  Lc  lv_refr.o [5]
refr_cursor_area         0x803'c933      0x1c0  Code  Lc  lv_textarea.o [20]
refr_obj                 0x802'194d      0x32c  Code  Lc  lv_refr.o [5]
refr_obj_and_children    0x802'18bd       0x90  Code  Lc  lv_refr.o [5]
refr_position            0x804'425b      0x126  Code  Lc  lv_roller.o [20]
refr_size_form_row       0x804'6461       0xec  Code  Lc  lv_table.o [20]
refresh_children_style   0x801'6169       0x3c  Code  Lc  lv_obj_style.o [5]
remove_cb                0x804'd3ef       0x52  Code  Lc  lv_cache_lru_rb.o [13]
remove_concurrent_anims
                         0x801'ce85       0xa8  Code  Lc  lv_anim.o [13]
remove_free_block        0x802'02e1       0x4a  Code  Lc  lv_tlsf.o [17]
report_style_change_core
                         0x801'6069      0x100  Code  Lc  lv_obj_style.o [5]
reserve_cond_cb          0x804'd549       0x30  Code  Lc  lv_cache_lru_rb.o [13]
resolve_point_coord      0x804'fbb7       0x3e  Code  Lc  lv_line.o [20]
resolve_time             0x801'ce4d       0x36  Code  Lc  lv_anim.o [13]
rgb888_image_blend       0x803'90f9      0x2a8  Code  Lc  lv_draw_sw_blend_to_al88.o [7]
rgb888_image_blend       0x803'02e5      0x4f6  Code  Lc  lv_draw_sw_blend_to_argb8888.o [7]
rgb888_image_blend       0x803'2279      0x2ec  Code  Lc  lv_draw_sw_blend_to_i1.o [7]
rgb888_image_blend       0x803'6ced      0x2ba  Code  Lc  lv_draw_sw_blend_to_l8.o [7]
rgb888_image_blend       0x803'3c15      0x470  Code  Lc  lv_draw_sw_blend_to_rgb565.o [7]
rgb888_image_blend       0x803'5545      0x368  Code  Lc  lv_draw_sw_blend_to_rgb888.o [7]
scalbln                  0x803'fe85             Code  Gb  ldexp.o [22]
scalblnl                 0x803'fe85             Code  Gb  ldexp.o [22]
scalbn                   0x803'fe85             Code  Gb  ldexp.o [22]
scalbnl                  0x803'fe85             Code  Gb  ldexp.o [22]
scale                    0x803'f7e1       0x46  Code  Lc  xprintffull_nomb.o [21]
scale_calculate_main_compensation
                         0x803'ac59      0x1d8  Code  Lc  lv_scale.o [20]
scale_draw_indicator     0x803'a89b      0x3b6  Code  Lc  lv_scale.o [20]
scale_draw_main          0x803'ae31      0x34e  Code  Lc  lv_scale.o [20]
scale_find_section_tick_idx
                         0x803'b6c9       0x8e  Code  Lc  lv_scale.o [20]
scale_get_center         0x803'b17f       0x90  Code  Lc  lv_scale.o [20]
scale_get_label_coords   0x803'b4e9      0x12e  Code  Lc  lv_scale.o [20]
scale_get_tick_points    0x803'b20f      0x2da  Code  Lc  lv_scale.o [20]
scale_set_line_properties
                         0x803'b617       0xb2  Code  Lc  lv_scale.o [20]
scale_update             0x804'700d       0xe6  Code  Lc  lv_image.o [20]
scroll_anim_completed_cb
                         0x804'447d       0x12  Code  Lc  lv_roller.o [20]
scroll_area_into_view    0x801'95df      0x24a  Code  Lc  lv_obj_scroll.o [5]
scroll_end_cb            0x801'95c9       0x16  Code  Lc  lv_obj_scroll.o [5]
scroll_limit_diff        0x802'46a5       0x50  Code  Lc  lv_indev_scroll.o [9]
scroll_to_selected_cell
                         0x804'663d      0x164  Code  Lc  lv_table.o [20]
scroll_x_anim            0x801'9529       0x50  Code  Lc  lv_obj_scroll.o [5]
scroll_y_anim            0x801'9579       0x50  Code  Lc  lv_obj_scroll.o [5]
sdram_init               0x804'e645       0x68  Code  Gb  sdram.o [2]
sdram_initialization_sequence
                         0x804'e6ad       0x82  Code  Gb  sdram.o [2]
sec_hand                0x2001'556c        0x4  Data  Lc  xfail_s.o [21]
set_ofs_x_anim           0x802'3239        0x6  Code  Lc  lv_label.o [20]
set_ofs_y_anim           0x802'3241        0x6  Code  Lc  lv_label.o [20]
set_y_anim               0x804'4491        0x4  Code  Lc  lv_roller.o [20]
shadow_blur_corner       0x803'a291      0x27c  Code  Lc  lv_draw_sw_box_shadow.o [7]
sin0_90_table            0x805'04c0       0xb8  Data  Lc  lv_math.o [13]
size_get_data_size_cb    0x804'd57d        0x4  Code  Lc  lv_cache_lru_rb.o [13]
sprintf                  0x803'db6d       0x40  Code  Gb  sprintf.o [21]
start_cursor_blink       0x803'c8b9       0x7a  Code  Lc  lv_textarea.o [20]
strchr                   0x803'fd2d             Code  Gb  strchr.o [23]
strlen                   0x803'fd85             Code  Gb  strlen.o [23]
style_has_flag           0x801'6595       0x4a  Code  Lc  lv_obj_style.o [5]
style_init::trans_props
                         0x805'1a04        0xc  Data  Lc  lv_theme_default.o [18]
ta_insert_replace       0x2001'5564        0x4  Data  Lc  lv_textarea.o [20]
test_label              0x2001'5568        0x4  Data  Gb  main.o [2]
theme_apply              0x801'2f15      0xe50  Code  Lc  lv_theme_default.o [18]
tileview_event_cb        0x805'0265       0xb0  Code  Lc  lv_tileview.o [20]
tlsf_ffs                 0x801'fd39      0x2c4  Code  Lc  lv_tlsf.o [17]
tlsf_fls                 0x801'fffd      0x2be  Code  Lc  lv_tlsf.o [17]
touchpad_read            0x804'e96d       0x2e  Code  Lc  lv_port_indev.o [16]
touchpad_read::last_x   0x2001'5554        0x4  Data  Lc  lv_port_indev.o [16]
touchpad_read::last_y   0x2001'5558        0x4  Data  Lc  lv_port_indev.o [16]
tp_adjust                0x803'd039      0x7ba  Code  Gb  touch.o [2]
tp_dev                  0x2000'0110       0x48  Data  Gb  touch.o [2]
tp_draw_touch_point      0x803'ceb7       0x80  Code  Lc  touch.o [2]
tp_get_adjust_data       0x803'd017       0x22  Code  Gb  touch.o [2]
tp_init                  0x803'd801      0x1d0  Code  Gb  touch.o [2]
tp_read_xoy              0x803'cb6d      0x27e  Code  Lc  touch.o [2]
tp_read_xy               0x803'cdeb       0x32  Code  Lc  touch.o [2]
tp_read_xy2              0x803'ce1d       0x9a  Code  Lc  touch.o [2]
tp_scan                  0x803'cf37       0xe0  Code  Lc  touch.o [2]
trans_anim_cb            0x801'6265      0x1c2  Code  Lc  lv_obj_style.o [5]
trans_anim_completed_cb
                         0x801'6475      0x120  Code  Lc  lv_obj_style.o [5]
trans_anim_start_cb      0x801'6429       0x4a  Code  Lc  lv_obj_style.o [5]
trans_delete             0x801'61a5       0xbe  Code  Lc  lv_obj_style.o [5]
transform_point_array    0x801'af13      0x12e  Code  Lc  lv_obj_pos.o [5]
transform_point_upscaled
                         0x804'1e33       0xae  Code  Lc  lv_draw_sw_transform.o [7]
transform_rgb565a8       0x804'1c41      0x1f2  Code  Lc  lv_draw_sw_transform.o [7]
transform_rgb888         0x804'1a8d      0x1b2  Code  Lc  lv_draw_sw_transform.o [7]
transform_vect_recursive
                         0x804'4495       0x7e  Code  Lc  lv_roller.o [20]
unicode_list_1           0x805'0b18       0x7c  Data  Lc  lv_font_montserrat_14.o [8]
unicode_list_1           0x805'0b94       0x7c  Data  Lc  lv_font_montserrat_32.o [8]
unicode_list_compare     0x804'c231        0x8  Code  Lc  lv_font_fmt_txt.o [8]
unsubscribe_on_delete_cb
                         0x802'1ff1       0x10  Code  Lc  lv_observer.o [15]
update_align             0x804'70f3       0x7c  Code  Lc  lv_image.o [20]
update_knob_pos          0x804'7799      0x32e  Code  Lc  lv_slider.o [20]
update_obj_state         0x801'7701      0x25a  Code  Lc  lv_obj.o [5]
uwTick                  0x2000'0104        0x4  Data  Gb  stm32f4xx_hal.o [4]
uwTickFreq              0x2000'0100        0x1  Data  Gb  stm32f4xx_hal.o [4]
uwTickPrio              0x2000'0108        0x4  Data  Gb  stm32f4xx_hal.o [4]
value_changed_event_cb   0x804'ff09       0x44  Code  Lc  lv_calendar_header_arrow.o [20]
value_changed_event_cb   0x805'0081       0x68  Code  Lc  lv_calendar_header_dropdown.o [20]
value_update             0x804'2a17       0xb4  Code  Lc  lv_arc.o [20]
wait_for_flushing        0x802'1c89       0x36  Code  Lc  lv_refr.o [5]
width_to_stride          0x801'bdad       0x12  Code  Lc  lv_draw_buf.o [7]
year_event_cb            0x805'001d       0x64  Code  Lc  lv_calendar_header_dropdown.o [20]


[1] = C:\Users\akich\Desktop\ARM\STM32\Blank Examples\LVGL_v9_blank\EWARM\LVGL_v9_blank\Obj\CMSIS_6603591812247902717.dir
[2] = C:\Users\akich\Desktop\ARM\STM32\Blank Examples\LVGL_v9_blank\EWARM\LVGL_v9_blank\Obj\Core_13247989168731456611.dir
[3] = C:\Users\akich\Desktop\ARM\STM32\Blank Examples\LVGL_v9_blank\EWARM\LVGL_v9_blank\Obj\EWARM_18443280873093131863.dir
[4] = C:\Users\akich\Desktop\ARM\STM32\Blank Examples\LVGL_v9_blank\EWARM\LVGL_v9_blank\Obj\STM32F4xx_HAL_Driver_1244631019742807970.dir
[5] = C:\Users\akich\Desktop\ARM\STM32\Blank Examples\LVGL_v9_blank\EWARM\LVGL_v9_blank\Obj\core_13819815791201091912.dir
[6] = C:\Users\akich\Desktop\ARM\STM32\Blank Examples\LVGL_v9_blank\EWARM\LVGL_v9_blank\Obj\display_13055063649345231856.dir
[7] = C:\Users\akich\Desktop\ARM\STM32\Blank Examples\LVGL_v9_blank\EWARM\LVGL_v9_blank\Obj\draw_2530733899630150080.dir
[8] = C:\Users\akich\Desktop\ARM\STM32\Blank Examples\LVGL_v9_blank\EWARM\LVGL_v9_blank\Obj\font_5282089926961387619.dir
[9] = C:\Users\akich\Desktop\ARM\STM32\Blank Examples\LVGL_v9_blank\EWARM\LVGL_v9_blank\Obj\indev_6694492611914613743.dir
[10] = C:\Users\akich\Desktop\ARM\STM32\Blank Examples\LVGL_v9_blank\EWARM\LVGL_v9_blank\Obj\layouts_14756455154441785794.dir
[11] = C:\Users\akich\Desktop\ARM\STM32\Blank Examples\LVGL_v9_blank\EWARM\LVGL_v9_blank\Obj\libs_9177850263139788189.dir
[12] = C:\Users\akich\Desktop\ARM\STM32\Blank Examples\LVGL_v9_blank\EWARM\LVGL_v9_blank\Obj\lv_src_6856944777778270906.dir
[13] = C:\Users\akich\Desktop\ARM\STM32\Blank Examples\LVGL_v9_blank\EWARM\LVGL_v9_blank\Obj\misc_16881187190190018854.dir
[14] = C:\Users\akich\Desktop\ARM\STM32\Blank Examples\LVGL_v9_blank\EWARM\LVGL_v9_blank\Obj\osal_13343972963114398913.dir
[15] = C:\Users\akich\Desktop\ARM\STM32\Blank Examples\LVGL_v9_blank\EWARM\LVGL_v9_blank\Obj\others_7705336898721011128.dir
[16] = C:\Users\akich\Desktop\ARM\STM32\Blank Examples\LVGL_v9_blank\EWARM\LVGL_v9_blank\Obj\porting_1738693376754968407.dir
[17] = C:\Users\akich\Desktop\ARM\STM32\Blank Examples\LVGL_v9_blank\EWARM\LVGL_v9_blank\Obj\stdlib_7562326214874580633.dir
[18] = C:\Users\akich\Desktop\ARM\STM32\Blank Examples\LVGL_v9_blank\EWARM\LVGL_v9_blank\Obj\themes_1773534836645081464.dir
[19] = C:\Users\akich\Desktop\ARM\STM32\Blank Examples\LVGL_v9_blank\EWARM\LVGL_v9_blank\Obj\tick_10117965653351445059.dir
[20] = C:\Users\akich\Desktop\ARM\STM32\Blank Examples\LVGL_v9_blank\EWARM\LVGL_v9_blank\Obj\widgets_8521493442100195656.dir
[21] = dl7M_tlf.a
[22] = m7M_tls.a
[23] = rt7M_tl.a
[24] = shb_l.a

  257'804 bytes of readonly  code memory
   77'473 bytes of readonly  data memory
   95'599 bytes of readwrite data memory (+ 2'048'000 absolute)

Errors: none
Warnings: none
